2026-04-20 16:09:37 [INFO] ============================================================
2026-04-20 16:09:37 [INFO] [START] 네이버 뉴스 크롤링 시작
2026-04-20 16:09:37 [INFO] 검색어: 삼성전자
2026-04-20 16:09:37 [INFO] 수집 기간: 2022-01-01 ~ 2025-12-31
2026-04-20 16:09:37 [INFO] 목표 기사 수: 7000건
2026-04-20 16:09:37 [INFO] ============================================================
2026-04-20 16:09:37 [INFO] 총 48개월 | 기존 수집: 0건
2026-04-20 16:09:37 [INFO] [Phase 1] URL 수집 시작
2026-04-20 16:09:45 [DEBUG] [1/3] 403: https://search.naver.com/search.naver?where=news&query=%EC%82%BC%EC%84%B1%EC%A0%84%EC%9E%90&pd=3&ds=2022.01.01&de=2022.01.31&start=31&sort=0
2026-04-20 16:09:50 [DEBUG] [2/3] 403: https://search.naver.com/search.naver?where=news&query=%EC%82%BC%EC%84%B1%EC%A0%84%EC%9E%90&pd=3&ds=2022.01.01&de=2022.01.31&start=31&sort=0
2026-04-20 16:10:08 [DEBUG] [1/3] 403: https://search.naver.com/search.naver?where=news&query=%EC%82%BC%EC%84%B1%EC%A0%84%EC%9E%90&pd=3&ds=2022.01.01&de=2022.01.31&start=61&sort=0
2026-04-20 16:10:13 [DEBUG] [2/3] 403: https://search.naver.com/search.naver?where=news&query=%EC%82%BC%EC%84%B1%EC%A0%84%EC%9E%90&pd=3&ds=2022.01.01&de=2022.01.31&start=61&sort=0
2026-04-20 16:10:23 [DEBUG] [3/3] 403: https://search.naver.com/search.naver?where=news&query=%EC%82%BC%EC%84%B1%EC%A0%84%EC%9E%90&pd=3&ds=2022.01.01&de=2022.01.31&start=61&sort=0
2026-04-20 16:10:41 [DEBUG] [1/3] 403: https://search.naver.com/search.naver?where=news&query=%EC%82%BC%EC%84%B1%EC%A0%84%EC%9E%90&pd=3&ds=2022.01.01&de=2022.01.31&start=71&sort=0
2026-04-20 16:10:50 [DEBUG] [1/3] 403: https://search.naver.com/search.naver?where=news&query=%EC%82%BC%EC%84%B1%EC%A0%84%EC%9E%90&pd=3&ds=2022.01.01&de=2022.01.31&start=91&sort=0
2026-04-20 16:11:23 [DEBUG] [1/3] 403: https://search.naver.com/search.naver?where=news&query=%EC%82%BC%EC%84%B1%EC%A0%84%EC%9E%90&pd=3&ds=2022.01.01&de=2022.01.31&start=211&sort=0
2026-04-20 16:11:28 [DEBUG] [2/3] 403: https://search.naver.com/search.naver?where=news&query=%EC%82%BC%EC%84%B1%EC%A0%84%EC%9E%90&pd=3&ds=2022.01.01&de=2022.01.31&start=211&sort=0
2026-04-20 16:11:47 [DEBUG] [1/3] 403: https://search.naver.com/search.naver?where=news&query=%EC%82%BC%EC%84%B1%EC%A0%84%EC%9E%90&pd=3&ds=2022.01.01&de=2022.01.31&start=251&sort=0
2026-04-20 16:11:54 [DEBUG] [1/3] 403: https://search.naver.com/search.naver?where=news&query=%EC%82%BC%EC%84%B1%EC%A0%84%EC%9E%90&pd=3&ds=2022.01.01&de=2022.01.31&start=261&sort=0
2026-04-20 16:12:30 [INFO] [01/48] 2022.01 완료 | 신규 URL 237건 | 누적 237건 | 차단/실패 1회
2026-04-20 16:12:30 [DEBUG] [1/3] 403: https://search.naver.com/search.naver?where=news&query=%EC%82%BC%EC%84%B1%EC%A0%84%EC%9E%90&pd=3&ds=2022.02.01&de=2022.02.28&start=1&sort=0
2026-04-20 16:12:45 [DEBUG] [1/3] 403: https://search.naver.com/search.naver?where=news&query=%EC%82%BC%EC%84%B1%EC%A0%84%EC%9E%90&pd=3&ds=2022.02.01&de=2022.02.28&start=41&sort=0
2026-04-20 16:12:55 [DEBUG] [1/3] 403: https://search.naver.com/search.naver?where=news&query=%EC%82%BC%EC%84%B1%EC%A0%84%EC%9E%90&pd=3&ds=2022.02.01&de=2022.02.28&start=61&sort=0
2026-04-20 16:13:04 [DEBUG] [1/3] 403: https://search.naver.com/search.naver?where=news&query=%EC%82%BC%EC%84%B1%EC%A0%84%EC%9E%90&pd=3&ds=2022.02.01&de=2022.02.28&start=81&sort=0
2026-04-20 16:13:19 [DEBUG] [1/3] 403: https://search.naver.com/search.naver?where=news&query=%EC%82%BC%EC%84%B1%EC%A0%84%EC%9E%90&pd=3&ds=2022.02.01&de=2022.02.28&start=131&sort=0
2026-04-20 16:13:29 [DEBUG] [1/3] 403: https://search.naver.com/search.naver?where=news&query=%EC%82%BC%EC%84%B1%EC%A0%84%EC%9E%90&pd=3&ds=2022.02.01&de=2022.02.28&start=151&sort=0
2026-04-20 16:13:34 [DEBUG] [2/3] 403: https://search.naver.com/search.naver?where=news&query=%EC%82%BC%EC%84%B1%EC%A0%84%EC%9E%90&pd=3&ds=2022.02.01&de=2022.02.28&start=151&sort=0
2026-04-20 16:13:50 [DEBUG] [1/3] 403: https://search.naver.com/search.naver?where=news&query=%EC%82%BC%EC%84%B1%EC%A0%84%EC%9E%90&pd=3&ds=2022.02.01&de=2022.02.28&start=181&sort=0
2026-04-20 16:14:14 [DEBUG] [1/3] 403: https://search.naver.com/search.naver?where=news&query=%EC%82%BC%EC%84%B1%EC%A0%84%EC%9E%90&pd=3&ds=2022.02.01&de=2022.02.28&start=261&sort=0
2026-04-20 16:14:19 [DEBUG] [2/3] 403: https://search.naver.com/search.naver?where=news&query=%EC%82%BC%EC%84%B1%EC%A0%84%EC%9E%90&pd=3&ds=2022.02.01&de=2022.02.28&start=261&sort=0
2026-04-20 16:14:29 [DEBUG] [3/3] 403: https://search.naver.com/search.naver?where=news&query=%EC%82%BC%EC%84%B1%EC%A0%84%EC%9E%90&pd=3&ds=2022.02.01&de=2022.02.28&start=261&sort=0
2026-04-20 16:14:49 [DEBUG] [1/3] 403: https://search.naver.com/search.naver?where=news&query=%EC%82%BC%EC%84%B1%EC%A0%84%EC%9E%90&pd=3&ds=2022.02.01&de=2022.02.28&start=281&sort=0
2026-04-20 16:14:54 [DEBUG] [2/3] 403: https://search.naver.com/search.naver?where=news&query=%EC%82%BC%EC%84%B1%EC%A0%84%EC%9E%90&pd=3&ds=2022.02.01&de=2022.02.28&start=281&sort=0
2026-04-20 16:15:06 [DEBUG] [1/3] 403: https://search.naver.com/search.naver?where=news&query=%EC%82%BC%EC%84%B1%EC%A0%84%EC%9E%90&pd=3&ds=2022.02.01&de=2022.02.28&start=291&sort=0
2026-04-20 16:15:11 [DEBUG] [2/3] 403: https://search.naver.com/search.naver?where=news&query=%EC%82%BC%EC%84%B1%EC%A0%84%EC%9E%90&pd=3&ds=2022.02.01&de=2022.02.28&start=291&sort=0
2026-04-20 16:15:26 [DEBUG] [1/3] 403: https://search.naver.com/search.naver?where=news&query=%EC%82%BC%EC%84%B1%EC%A0%84%EC%9E%90&pd=3&ds=2022.02.01&de=2022.02.28&start=311&sort=0
2026-04-20 16:15:35 [DEBUG] [1/3] 403: https://search.naver.com/search.naver?where=news&query=%EC%82%BC%EC%84%B1%EC%A0%84%EC%9E%90&pd=3&ds=2022.02.01&de=2022.02.28&start=331&sort=0
2026-04-20 16:15:44 [DEBUG] [1/3] 403: https://search.naver.com/search.naver?where=news&query=%EC%82%BC%EC%84%B1%EC%A0%84%EC%9E%90&pd=3&ds=2022.02.01&de=2022.02.28&start=351&sort=0
2026-04-20 16:15:49 [DEBUG] [2/3] 403: https://search.naver.com/search.naver?where=news&query=%EC%82%BC%EC%84%B1%EC%A0%84%EC%9E%90&pd=3&ds=2022.02.01&de=2022.02.28&start=351&sort=0
2026-04-20 16:15:59 [DEBUG] [3/3] 403: https://search.naver.com/search.naver?where=news&query=%EC%82%BC%EC%84%B1%EC%A0%84%EC%9E%90&pd=3&ds=2022.02.01&de=2022.02.28&start=351&sort=0
2026-04-20 16:16:25 [INFO] [02/48] 2022.02 완료 | 신규 URL 163건 | 누적 400건 | 차단/실패 2회
2026-04-20 16:16:26 [DEBUG] [1/3] 403: https://search.naver.com/search.naver?where=news&query=%EC%82%BC%EC%84%B1%EC%A0%84%EC%9E%90&pd=3&ds=2022.03.01&de=2022.03.31&start=1&sort=0
2026-04-20 16:16:41 [DEBUG] [1/3] 403: https://search.naver.com/search.naver?where=news&query=%EC%82%BC%EC%84%B1%EC%A0%84%EC%9E%90&pd=3&ds=2022.03.01&de=2022.03.31&start=51&sort=0
2026-04-20 16:16:48 [DEBUG] [1/3] 403: https://search.naver.com/search.naver?where=news&query=%EC%82%BC%EC%84%B1%EC%A0%84%EC%9E%90&pd=3&ds=2022.03.01&de=2022.03.31&start=61&sort=0
2026-04-20 16:16:58 [DEBUG] [1/3] 403: https://search.naver.com/search.naver?where=news&query=%EC%82%BC%EC%84%B1%EC%A0%84%EC%9E%90&pd=3&ds=2022.03.01&de=2022.03.31&start=81&sort=0
2026-04-20 16:17:03 [DEBUG] [2/3] 403: https://search.naver.com/search.naver?where=news&query=%EC%82%BC%EC%84%B1%EC%A0%84%EC%9E%90&pd=3&ds=2022.03.01&de=2022.03.31&start=81&sort=0
2026-04-20 16:17:17 [DEBUG] [1/3] 403: https://search.naver.com/search.naver?where=news&query=%EC%82%BC%EC%84%B1%EC%A0%84%EC%9E%90&pd=3&ds=2022.03.01&de=2022.03.31&start=101&sort=0
2026-04-20 16:17:26 [DEBUG] [1/3] 403: https://search.naver.com/search.naver?where=news&query=%EC%82%BC%EC%84%B1%EC%A0%84%EC%9E%90&pd=3&ds=2022.03.01&de=2022.03.31&start=121&sort=0
2026-04-20 16:17:34 [DEBUG] [1/3] 403: https://search.naver.com/search.naver?where=news&query=%EC%82%BC%EC%84%B1%EC%A0%84%EC%9E%90&pd=3&ds=2022.03.01&de=2022.03.31&start=131&sort=0
2026-04-20 16:17:43 [DEBUG] [1/3] 403: https://search.naver.com/search.naver?where=news&query=%EC%82%BC%EC%84%B1%EC%A0%84%EC%9E%90&pd=3&ds=2022.03.01&de=2022.03.31&start=151&sort=0
2026-04-20 16:17:54 [DEBUG] [1/3] 403: https://search.naver.com/search.naver?where=news&query=%EC%82%BC%EC%84%B1%EC%A0%84%EC%9E%90&pd=3&ds=2022.03.01&de=2022.03.31&start=181&sort=0
2026-04-20 16:18:05 [DEBUG] [1/3] 403: https://search.naver.com/search.naver?where=news&query=%EC%82%BC%EC%84%B1%EC%A0%84%EC%9E%90&pd=3&ds=2022.03.01&de=2022.03.31&start=211&sort=0
2026-04-20 16:18:10 [DEBUG] [2/3] 403: https://search.naver.com/search.naver?where=news&query=%EC%82%BC%EC%84%B1%EC%A0%84%EC%9E%90&pd=3&ds=2022.03.01&de=2022.03.31&start=211&sort=0
2026-04-20 16:18:22 [INFO] [03/48] 2022.03 완료 | 신규 URL 94건 | 누적 494건
2026-04-20 16:18:23 [DEBUG] [1/3] 403: https://search.naver.com/search.naver?where=news&query=%EC%82%BC%EC%84%B1%EC%A0%84%EC%9E%90&pd=3&ds=2022.04.01&de=2022.04.30&start=1&sort=0
2026-04-20 16:18:39 [DEBUG] [1/3] 403: https://search.naver.com/search.naver?where=news&query=%EC%82%BC%EC%84%B1%EC%A0%84%EC%9E%90&pd=3&ds=2022.04.01&de=2022.04.30&start=51&sort=0
2026-04-20 16:18:44 [DEBUG] [2/3] 403: https://search.naver.com/search.naver?where=news&query=%EC%82%BC%EC%84%B1%EC%A0%84%EC%9E%90&pd=3&ds=2022.04.01&de=2022.04.30&start=51&sort=0
2026-04-20 16:19:15 [DEBUG] [1/3] 403: https://search.naver.com/search.naver?where=news&query=%EC%82%BC%EC%84%B1%EC%A0%84%EC%9E%90&pd=3&ds=2022.04.01&de=2022.04.30&start=151&sort=0
2026-04-20 16:19:20 [DEBUG] [2/3] 403: https://search.naver.com/search.naver?where=news&query=%EC%82%BC%EC%84%B1%EC%A0%84%EC%9E%90&pd=3&ds=2022.04.01&de=2022.04.30&start=151&sort=0
2026-04-20 16:19:33 [DEBUG] [1/3] 403: https://search.naver.com/search.naver?where=news&query=%EC%82%BC%EC%84%B1%EC%A0%84%EC%9E%90&pd=3&ds=2022.04.01&de=2022.04.30&start=161&sort=0
2026-04-20 16:20:02 [DEBUG] [1/3] 403: https://search.naver.com/search.naver?where=news&query=%EC%82%BC%EC%84%B1%EC%A0%84%EC%9E%90&pd=3&ds=2022.04.01&de=2022.04.30&start=271&sort=0
2026-04-20 16:20:10 [DEBUG] [1/3] 403: https://search.naver.com/search.naver?where=news&query=%EC%82%BC%EC%84%B1%EC%A0%84%EC%9E%90&pd=3&ds=2022.04.01&de=2022.04.30&start=281&sort=0
2026-04-20 16:20:15 [DEBUG] [2/3] 403: https://search.naver.com/search.naver?where=news&query=%EC%82%BC%EC%84%B1%EC%A0%84%EC%9E%90&pd=3&ds=2022.04.01&de=2022.04.30&start=281&sort=0
2026-04-20 16:20:34 [DEBUG] [1/3] 403: https://search.naver.com/search.naver?where=news&query=%EC%82%BC%EC%84%B1%EC%A0%84%EC%9E%90&pd=3&ds=2022.04.01&de=2022.04.30&start=321&sort=0
2026-04-20 16:20:56 [DEBUG] [1/3] 403: https://search.naver.com/search.naver?where=news&query=%EC%82%BC%EC%84%B1%EC%A0%84%EC%9E%90&pd=3&ds=2022.04.01&de=2022.04.30&start=391&sort=0
2026-04-20 16:21:04 [INFO] [04/48] 2022.04 완료 | 신규 URL 197건 | 누적 691건
2026-04-20 16:21:08 [DEBUG] [1/3] 403: https://search.naver.com/search.naver?where=news&query=%EC%82%BC%EC%84%B1%EC%A0%84%EC%9E%90&pd=3&ds=2022.05.01&de=2022.05.31&start=21&sort=0
2026-04-20 16:21:22 [DEBUG] [1/3] 403: https://search.naver.com/search.naver?where=news&query=%EC%82%BC%EC%84%B1%EC%A0%84%EC%9E%90&pd=3&ds=2022.05.01&de=2022.05.31&start=61&sort=0
2026-04-20 16:21:37 [DEBUG] [1/3] 403: https://search.naver.com/search.naver?where=news&query=%EC%82%BC%EC%84%B1%EC%A0%84%EC%9E%90&pd=3&ds=2022.05.01&de=2022.05.31&start=111&sort=0
2026-04-20 16:21:46 [INFO] [05/48] 2022.05 완료 | 신규 URL 62건 | 누적 753건
2026-04-20 16:21:54 [DEBUG] [1/3] 403: https://search.naver.com/search.naver?where=news&query=%EC%82%BC%EC%84%B1%EC%A0%84%EC%9E%90&pd=3&ds=2022.06.01&de=2022.06.30&start=31&sort=0
2026-04-20 16:22:03 [DEBUG] [1/3] 403: https://search.naver.com/search.naver?where=news&query=%EC%82%BC%EC%84%B1%EC%A0%84%EC%9E%90&pd=3&ds=2022.06.01&de=2022.06.30&start=51&sort=0
2026-04-20 16:22:10 [DEBUG] [1/3] 403: https://search.naver.com/search.naver?where=news&query=%EC%82%BC%EC%84%B1%EC%A0%84%EC%9E%90&pd=3&ds=2022.06.01&de=2022.06.30&start=61&sort=0
2026-04-20 16:22:15 [DEBUG] [2/3] 403: https://search.naver.com/search.naver?where=news&query=%EC%82%BC%EC%84%B1%EC%A0%84%EC%9E%90&pd=3&ds=2022.06.01&de=2022.06.30&start=61&sort=0
2026-04-20 16:22:56 [INFO] [06/48] 2022.06 완료 | 신규 URL 56건 | 누적 809건
2026-04-20 16:22:58 [DEBUG] [1/3] 403: https://search.naver.com/search.naver?where=news&query=%EC%82%BC%EC%84%B1%EC%A0%84%EC%9E%90&pd=3&ds=2022.07.01&de=2022.07.31&start=11&sort=0
2026-04-20 16:23:24 [DEBUG] [1/3] 403: https://search.naver.com/search.naver?where=news&query=%EC%82%BC%EC%84%B1%EC%A0%84%EC%9E%90&pd=3&ds=2022.07.01&de=2022.07.31&start=101&sort=0
2026-04-20 16:23:34 [DEBUG] [1/3] 403: https://search.naver.com/search.naver?where=news&query=%EC%82%BC%EC%84%B1%EC%A0%84%EC%9E%90&pd=3&ds=2022.07.01&de=2022.07.31&start=131&sort=0
2026-04-20 16:23:39 [DEBUG] [2/3] 403: https://search.naver.com/search.naver?where=news&query=%EC%82%BC%EC%84%B1%EC%A0%84%EC%9E%90&pd=3&ds=2022.07.01&de=2022.07.31&start=131&sort=0
2026-04-20 16:23:49 [DEBUG] [3/3] 403: https://search.naver.com/search.naver?where=news&query=%EC%82%BC%EC%84%B1%EC%A0%84%EC%9E%90&pd=3&ds=2022.07.01&de=2022.07.31&start=131&sort=0
2026-04-20 16:24:13 [DEBUG] [1/3] 403: https://search.naver.com/search.naver?where=news&query=%EC%82%BC%EC%84%B1%EC%A0%84%EC%9E%90&pd=3&ds=2022.07.01&de=2022.07.31&start=171&sort=0
2026-04-20 16:24:18 [DEBUG] [2/3] 403: https://search.naver.com/search.naver?where=news&query=%EC%82%BC%EC%84%B1%EC%A0%84%EC%9E%90&pd=3&ds=2022.07.01&de=2022.07.31&start=171&sort=0
2026-04-20 16:24:30 [DEBUG] [1/3] 403: https://search.naver.com/search.naver?where=news&query=%EC%82%BC%EC%84%B1%EC%A0%84%EC%9E%90&pd=3&ds=2022.07.01&de=2022.07.31&start=181&sort=0
2026-04-20 16:24:35 [DEBUG] [2/3] 403: https://search.naver.com/search.naver?where=news&query=%EC%82%BC%EC%84%B1%EC%A0%84%EC%9E%90&pd=3&ds=2022.07.01&de=2022.07.31&start=181&sort=0
2026-04-20 16:25:35 [INFO] [07/48] 2022.07 완료 | 신규 URL 224건 | 누적 1033건 | 차단/실패 1회
2026-04-20 16:26:13 [DEBUG] [1/3] 403: https://search.naver.com/search.naver?where=news&query=%EC%82%BC%EC%84%B1%EC%A0%84%EC%9E%90&pd=3&ds=2022.08.01&de=2022.08.31&start=171&sort=0
2026-04-20 16:26:20 [DEBUG] [1/3] 403: https://search.naver.com/search.naver?where=news&query=%EC%82%BC%EC%84%B1%EC%A0%84%EC%9E%90&pd=3&ds=2022.08.01&de=2022.08.31&start=181&sort=0
2026-04-20 16:26:25 [DEBUG] [2/3] 403: https://search.naver.com/search.naver?where=news&query=%EC%82%BC%EC%84%B1%EC%A0%84%EC%9E%90&pd=3&ds=2022.08.01&de=2022.08.31&start=181&sort=0
2026-04-20 16:26:45 [DEBUG] [1/3] 403: https://search.naver.com/search.naver?where=news&query=%EC%82%BC%EC%84%B1%EC%A0%84%EC%9E%90&pd=3&ds=2022.08.01&de=2022.08.31&start=221&sort=0
2026-04-20 16:26:52 [DEBUG] [1/3] 403: https://search.naver.com/search.naver?where=news&query=%EC%82%BC%EC%84%B1%EC%A0%84%EC%9E%90&pd=3&ds=2022.08.01&de=2022.08.31&start=231&sort=0
2026-04-20 16:27:05 [DEBUG] [1/3] 403: https://search.naver.com/search.naver?where=news&query=%EC%82%BC%EC%84%B1%EC%A0%84%EC%9E%90&pd=3&ds=2022.08.01&de=2022.08.31&start=271&sort=0
2026-04-20 16:27:10 [DEBUG] [2/3] 403: https://search.naver.com/search.naver?where=news&query=%EC%82%BC%EC%84%B1%EC%A0%84%EC%9E%90&pd=3&ds=2022.08.01&de=2022.08.31&start=271&sort=0
2026-04-20 16:27:23 [INFO] [08/48] 2022.08 완료 | 신규 URL 98건 | 누적 1131건
2026-04-20 16:27:26 [DEBUG] [1/3] 403: https://search.naver.com/search.naver?where=news&query=%EC%82%BC%EC%84%B1%EC%A0%84%EC%9E%90&pd=3&ds=2022.09.01&de=2022.09.30&start=11&sort=0
2026-04-20 16:27:33 [DEBUG] [1/3] 403: https://search.naver.com/search.naver?where=news&query=%EC%82%BC%EC%84%B1%EC%A0%84%EC%9E%90&pd=3&ds=2022.09.01&de=2022.09.30&start=21&sort=0
2026-04-20 16:27:38 [DEBUG] [2/3] 403: https://search.naver.com/search.naver?where=news&query=%EC%82%BC%EC%84%B1%EC%A0%84%EC%9E%90&pd=3&ds=2022.09.01&de=2022.09.30&start=21&sort=0
2026-04-20 16:28:12 [INFO] [09/48] 2022.09 완료 | 신규 URL 74건 | 누적 1205건
2026-04-20 16:28:15 [DEBUG] [1/3] 403: https://search.naver.com/search.naver?where=news&query=%EC%82%BC%EC%84%B1%EC%A0%84%EC%9E%90&pd=3&ds=2022.10.01&de=2022.10.31&start=11&sort=0
2026-04-20 16:28:20 [DEBUG] [2/3] 403: https://search.naver.com/search.naver?where=news&query=%EC%82%BC%EC%84%B1%EC%A0%84%EC%9E%90&pd=3&ds=2022.10.01&de=2022.10.31&start=11&sort=0
2026-04-20 16:28:33 [DEBUG] [1/3] 403: https://search.naver.com/search.naver?where=news&query=%EC%82%BC%EC%84%B1%EC%A0%84%EC%9E%90&pd=3&ds=2022.10.01&de=2022.10.31&start=21&sort=0
2026-04-20 16:28:45 [DEBUG] [1/3] 403: https://search.naver.com/search.naver?where=news&query=%EC%82%BC%EC%84%B1%EC%A0%84%EC%9E%90&pd=3&ds=2022.10.01&de=2022.10.31&start=51&sort=0
2026-04-20 16:28:59 [DEBUG] [1/3] 403: https://search.naver.com/search.naver?where=news&query=%EC%82%BC%EC%84%B1%EC%A0%84%EC%9E%90&pd=3&ds=2022.10.01&de=2022.10.31&start=91&sort=0
2026-04-20 16:29:04 [DEBUG] [2/3] 403: https://search.naver.com/search.naver?where=news&query=%EC%82%BC%EC%84%B1%EC%A0%84%EC%9E%90&pd=3&ds=2022.10.01&de=2022.10.31&start=91&sort=0
2026-04-20 16:29:15 [DEBUG] [1/3] 403: https://search.naver.com/search.naver?where=news&query=%EC%82%BC%EC%84%B1%EC%A0%84%EC%9E%90&pd=3&ds=2022.10.01&de=2022.10.31&start=101&sort=0
2026-04-20 16:29:22 [DEBUG] [1/3] 403: https://search.naver.com/search.naver?where=news&query=%EC%82%BC%EC%84%B1%EC%A0%84%EC%9E%90&pd=3&ds=2022.10.01&de=2022.10.31&start=111&sort=0
2026-04-20 16:29:27 [DEBUG] [2/3] 403: https://search.naver.com/search.naver?where=news&query=%EC%82%BC%EC%84%B1%EC%A0%84%EC%9E%90&pd=3&ds=2022.10.01&de=2022.10.31&start=111&sort=0
2026-04-20 16:29:49 [DEBUG] [1/3] 403: https://search.naver.com/search.naver?where=news&query=%EC%82%BC%EC%84%B1%EC%A0%84%EC%9E%90&pd=3&ds=2022.10.01&de=2022.10.31&start=161&sort=0
2026-04-20 16:29:54 [DEBUG] [2/3] 403: https://search.naver.com/search.naver?where=news&query=%EC%82%BC%EC%84%B1%EC%A0%84%EC%9E%90&pd=3&ds=2022.10.01&de=2022.10.31&start=161&sort=0
2026-04-20 16:30:06 [DEBUG] [1/3] 403: https://search.naver.com/search.naver?where=news&query=%EC%82%BC%EC%84%B1%EC%A0%84%EC%9E%90&pd=3&ds=2022.10.01&de=2022.10.31&start=171&sort=0
2026-04-20 16:30:11 [DEBUG] [2/3] 403: https://search.naver.com/search.naver?where=news&query=%EC%82%BC%EC%84%B1%EC%A0%84%EC%9E%90&pd=3&ds=2022.10.01&de=2022.10.31&start=171&sort=0
2026-04-20 16:30:21 [DEBUG] [3/3] 403: https://search.naver.com/search.naver?where=news&query=%EC%82%BC%EC%84%B1%EC%A0%84%EC%9E%90&pd=3&ds=2022.10.01&de=2022.10.31&start=171&sort=0
2026-04-20 16:30:58 [DEBUG] [1/3] 403: https://search.naver.com/search.naver?where=news&query=%EC%82%BC%EC%84%B1%EC%A0%84%EC%9E%90&pd=3&ds=2022.10.01&de=2022.10.31&start=261&sort=0
2026-04-20 16:31:03 [DEBUG] [2/3] 403: https://search.naver.com/search.naver?where=news&query=%EC%82%BC%EC%84%B1%EC%A0%84%EC%9E%90&pd=3&ds=2022.10.01&de=2022.10.31&start=261&sort=0
2026-04-20 16:31:25 [DEBUG] [1/3] 403: https://search.naver.com/search.naver?where=news&query=%EC%82%BC%EC%84%B1%EC%A0%84%EC%9E%90&pd=3&ds=2022.10.01&de=2022.10.31&start=311&sort=0
2026-04-20 16:31:49 [INFO] [10/48] 2022.10 완료 | 신규 URL 246건 | 누적 1451건 | 차단/실패 1회
2026-04-20 16:31:50 [DEBUG] [1/3] 403: https://search.naver.com/search.naver?where=news&query=%EC%82%BC%EC%84%B1%EC%A0%84%EC%9E%90&pd=3&ds=2022.11.01&de=2022.11.30&start=1&sort=0
2026-04-20 16:32:00 [DEBUG] [1/3] 403: https://search.naver.com/search.naver?where=news&query=%EC%82%BC%EC%84%B1%EC%A0%84%EC%9E%90&pd=3&ds=2022.11.01&de=2022.11.30&start=31&sort=0
2026-04-20 16:32:07 [DEBUG] [1/3] 403: https://search.naver.com/search.naver?where=news&query=%EC%82%BC%EC%84%B1%EC%A0%84%EC%9E%90&pd=3&ds=2022.11.01&de=2022.11.30&start=41&sort=0
2026-04-20 16:32:26 [DEBUG] [1/3] 403: https://search.naver.com/search.naver?where=news&query=%EC%82%BC%EC%84%B1%EC%A0%84%EC%9E%90&pd=3&ds=2022.11.01&de=2022.11.30&start=101&sort=0
2026-04-20 16:32:33 [DEBUG] [1/3] 403: https://search.naver.com/search.naver?where=news&query=%EC%82%BC%EC%84%B1%EC%A0%84%EC%9E%90&pd=3&ds=2022.11.01&de=2022.11.30&start=111&sort=0
2026-04-20 16:32:38 [DEBUG] [2/3] 403: https://search.naver.com/search.naver?where=news&query=%EC%82%BC%EC%84%B1%EC%A0%84%EC%9E%90&pd=3&ds=2022.11.01&de=2022.11.30&start=111&sort=0
2026-04-20 16:32:50 [DEBUG] [1/3] 403: https://search.naver.com/search.naver?where=news&query=%EC%82%BC%EC%84%B1%EC%A0%84%EC%9E%90&pd=3&ds=2022.11.01&de=2022.11.30&start=121&sort=0
2026-04-20 16:33:04 [DEBUG] [1/3] 403: https://search.naver.com/search.naver?where=news&query=%EC%82%BC%EC%84%B1%EC%A0%84%EC%9E%90&pd=3&ds=2022.11.01&de=2022.11.30&start=161&sort=0
2026-04-20 16:33:12 [DEBUG] [1/3] 403: https://search.naver.com/search.naver?where=news&query=%EC%82%BC%EC%84%B1%EC%A0%84%EC%9E%90&pd=3&ds=2022.11.01&de=2022.11.30&start=171&sort=0
2026-04-20 16:33:21 [DEBUG] [1/3] 403: https://search.naver.com/search.naver?where=news&query=%EC%82%BC%EC%84%B1%EC%A0%84%EC%9E%90&pd=3&ds=2022.11.01&de=2022.11.30&start=191&sort=0
2026-04-20 16:33:26 [DEBUG] [2/3] 403: https://search.naver.com/search.naver?where=news&query=%EC%82%BC%EC%84%B1%EC%A0%84%EC%9E%90&pd=3&ds=2022.11.01&de=2022.11.30&start=191&sort=0
2026-04-20 16:33:38 [DEBUG] [1/3] 403: https://search.naver.com/search.naver?where=news&query=%EC%82%BC%EC%84%B1%EC%A0%84%EC%9E%90&pd=3&ds=2022.11.01&de=2022.11.30&start=201&sort=0
2026-04-20 16:33:47 [INFO] [11/48] 2022.11 완료 | 신규 URL 84건 | 누적 1535건
2026-04-20 16:33:52 [DEBUG] [1/3] 403: https://search.naver.com/search.naver?where=news&query=%EC%82%BC%EC%84%B1%EC%A0%84%EC%9E%90&pd=3&ds=2022.12.01&de=2022.12.31&start=21&sort=0
2026-04-20 16:34:04 [DEBUG] [1/3] 403: https://search.naver.com/search.naver?where=news&query=%EC%82%BC%EC%84%B1%EC%A0%84%EC%9E%90&pd=3&ds=2022.12.01&de=2022.12.31&start=51&sort=0
2026-04-20 16:34:12 [DEBUG] [1/3] 403: https://search.naver.com/search.naver?where=news&query=%EC%82%BC%EC%84%B1%EC%A0%84%EC%9E%90&pd=3&ds=2022.12.01&de=2022.12.31&start=61&sort=0
2026-04-20 16:34:23 [DEBUG] [1/3] 403: https://search.naver.com/search.naver?where=news&query=%EC%82%BC%EC%84%B1%EC%A0%84%EC%9E%90&pd=3&ds=2022.12.01&de=2022.12.31&start=91&sort=0
2026-04-20 16:34:31 [DEBUG] [1/3] 403: https://search.naver.com/search.naver?where=news&query=%EC%82%BC%EC%84%B1%EC%A0%84%EC%9E%90&pd=3&ds=2022.12.01&de=2022.12.31&start=101&sort=0
2026-04-20 16:34:36 [DEBUG] [2/3] 403: https://search.naver.com/search.naver?where=news&query=%EC%82%BC%EC%84%B1%EC%A0%84%EC%9E%90&pd=3&ds=2022.12.01&de=2022.12.31&start=101&sort=0
2026-04-20 16:34:46 [DEBUG] [3/3] 403: https://search.naver.com/search.naver?where=news&query=%EC%82%BC%EC%84%B1%EC%A0%84%EC%9E%90&pd=3&ds=2022.12.01&de=2022.12.31&start=101&sort=0
2026-04-20 16:35:17 [DEBUG] [1/3] 403: https://search.naver.com/search.naver?where=news&query=%EC%82%BC%EC%84%B1%EC%A0%84%EC%9E%90&pd=3&ds=2022.12.01&de=2022.12.31&start=171&sort=0
2026-04-20 16:35:24 [DEBUG] [1/3] 403: https://search.naver.com/search.naver?where=news&query=%EC%82%BC%EC%84%B1%EC%A0%84%EC%9E%90&pd=3&ds=2022.12.01&de=2022.12.31&start=181&sort=0
2026-04-20 16:35:29 [DEBUG] [2/3] 403: https://search.naver.com/search.naver?where=news&query=%EC%82%BC%EC%84%B1%EC%A0%84%EC%9E%90&pd=3&ds=2022.12.01&de=2022.12.31&start=181&sort=0
2026-04-20 16:35:41 [DEBUG] [1/3] 403: https://search.naver.com/search.naver?where=news&query=%EC%82%BC%EC%84%B1%EC%A0%84%EC%9E%90&pd=3&ds=2022.12.01&de=2022.12.31&start=191&sort=0
2026-04-20 16:35:46 [DEBUG] [2/3] 403: https://search.naver.com/search.naver?where=news&query=%EC%82%BC%EC%84%B1%EC%A0%84%EC%9E%90&pd=3&ds=2022.12.01&de=2022.12.31&start=191&sort=0
2026-04-20 16:35:56 [DEBUG] [3/3] 403: https://search.naver.com/search.naver?where=news&query=%EC%82%BC%EC%84%B1%EC%A0%84%EC%9E%90&pd=3&ds=2022.12.01&de=2022.12.31&start=191&sort=0
2026-04-20 16:36:16 [DEBUG] [1/3] 403: https://search.naver.com/search.naver?where=news&query=%EC%82%BC%EC%84%B1%EC%A0%84%EC%9E%90&pd=3&ds=2022.12.01&de=2022.12.31&start=211&sort=0
2026-04-20 16:36:25 [DEBUG] [1/3] 403: https://search.naver.com/search.naver?where=news&query=%EC%82%BC%EC%84%B1%EC%A0%84%EC%9E%90&pd=3&ds=2022.12.01&de=2022.12.31&start=231&sort=0
2026-04-20 16:36:38 [DEBUG] [1/3] 403: https://search.naver.com/search.naver?where=news&query=%EC%82%BC%EC%84%B1%EC%A0%84%EC%9E%90&pd=3&ds=2022.12.01&de=2022.12.31&start=271&sort=0
2026-04-20 16:36:49 [DEBUG] [1/3] 403: https://search.naver.com/search.naver?where=news&query=%EC%82%BC%EC%84%B1%EC%A0%84%EC%9E%90&pd=3&ds=2022.12.01&de=2022.12.31&start=301&sort=0
2026-04-20 16:36:56 [DEBUG] [1/3] 403: https://search.naver.com/search.naver?where=news&query=%EC%82%BC%EC%84%B1%EC%A0%84%EC%9E%90&pd=3&ds=2022.12.01&de=2022.12.31&start=311&sort=0
2026-04-20 16:37:01 [DEBUG] [2/3] 403: https://search.naver.com/search.naver?where=news&query=%EC%82%BC%EC%84%B1%EC%A0%84%EC%9E%90&pd=3&ds=2022.12.01&de=2022.12.31&start=311&sort=0
2026-04-20 16:37:15 [DEBUG] [1/3] 403: https://search.naver.com/search.naver?where=news&query=%EC%82%BC%EC%84%B1%EC%A0%84%EC%9E%90&pd=3&ds=2022.12.01&de=2022.12.31&start=331&sort=0
2026-04-20 16:37:20 [DEBUG] [2/3] 403: https://search.naver.com/search.naver?where=news&query=%EC%82%BC%EC%84%B1%EC%A0%84%EC%9E%90&pd=3&ds=2022.12.01&de=2022.12.31&start=331&sort=0
2026-04-20 16:37:30 [DEBUG] [3/3] 403: https://search.naver.com/search.naver?where=news&query=%EC%82%BC%EC%84%B1%EC%A0%84%EC%9E%90&pd=3&ds=2022.12.01&de=2022.12.31&start=331&sort=0
2026-04-20 16:37:47 [DEBUG] [1/3] 403: https://search.naver.com/search.naver?where=news&query=%EC%82%BC%EC%84%B1%EC%A0%84%EC%9E%90&pd=3&ds=2022.12.01&de=2022.12.31&start=341&sort=0
2026-04-20 16:37:55 [DEBUG] [1/3] 403: https://search.naver.com/search.naver?where=news&query=%EC%82%BC%EC%84%B1%EC%A0%84%EC%9E%90&pd=3&ds=2022.12.01&de=2022.12.31&start=351&sort=0
2026-04-20 16:38:00 [DEBUG] [2/3] 403: https://search.naver.com/search.naver?where=news&query=%EC%82%BC%EC%84%B1%EC%A0%84%EC%9E%90&pd=3&ds=2022.12.01&de=2022.12.31&start=351&sort=0
2026-04-20 16:38:15 [DEBUG] [1/3] 403: https://search.naver.com/search.naver?where=news&query=%EC%82%BC%EC%84%B1%EC%A0%84%EC%9E%90&pd=3&ds=2022.12.01&de=2022.12.31&start=371&sort=0
2026-04-20 16:38:22 [DEBUG] [1/3] 403: https://search.naver.com/search.naver?where=news&query=%EC%82%BC%EC%84%B1%EC%A0%84%EC%9E%90&pd=3&ds=2022.12.01&de=2022.12.31&start=381&sort=0
2026-04-20 16:38:27 [DEBUG] [2/3] 403: https://search.naver.com/search.naver?where=news&query=%EC%82%BC%EC%84%B1%EC%A0%84%EC%9E%90&pd=3&ds=2022.12.01&de=2022.12.31&start=381&sort=0
2026-04-20 16:38:37 [DEBUG] [3/3] 403: https://search.naver.com/search.naver?where=news&query=%EC%82%BC%EC%84%B1%EC%A0%84%EC%9E%90&pd=3&ds=2022.12.01&de=2022.12.31&start=381&sort=0
2026-04-20 16:38:56 [INFO] [12/48] 2022.12 완료 | 신규 URL 156건 | 누적 1691건 | 차단/실패 4회
2026-04-20 16:39:01 [DEBUG] [1/3] 403: https://search.naver.com/search.naver?where=news&query=%EC%82%BC%EC%84%B1%EC%A0%84%EC%9E%90&pd=3&ds=2023.01.01&de=2023.01.31&start=21&sort=0
2026-04-20 16:39:15 [DEBUG] [1/3] 403: https://search.naver.com/search.naver?where=news&query=%EC%82%BC%EC%84%B1%EC%A0%84%EC%9E%90&pd=3&ds=2023.01.01&de=2023.01.31&start=61&sort=0
2026-04-20 16:39:25 [DEBUG] [1/3] 403: https://search.naver.com/search.naver?where=news&query=%EC%82%BC%EC%84%B1%EC%A0%84%EC%9E%90&pd=3&ds=2023.01.01&de=2023.01.31&start=81&sort=0
2026-04-20 16:39:30 [DEBUG] [2/3] 403: https://search.naver.com/search.naver?where=news&query=%EC%82%BC%EC%84%B1%EC%A0%84%EC%9E%90&pd=3&ds=2023.01.01&de=2023.01.31&start=81&sort=0
2026-04-20 16:39:49 [DEBUG] [1/3] 403: https://search.naver.com/search.naver?where=news&query=%EC%82%BC%EC%84%B1%EC%A0%84%EC%9E%90&pd=3&ds=2023.01.01&de=2023.01.31&start=121&sort=0
2026-04-20 16:40:05 [DEBUG] [1/3] 403: https://search.naver.com/search.naver?where=news&query=%EC%82%BC%EC%84%B1%EC%A0%84%EC%9E%90&pd=3&ds=2023.01.01&de=2023.01.31&start=171&sort=0
2026-04-20 16:40:10 [DEBUG] [2/3] 403: https://search.naver.com/search.naver?where=news&query=%EC%82%BC%EC%84%B1%EC%A0%84%EC%9E%90&pd=3&ds=2023.01.01&de=2023.01.31&start=171&sort=0
2026-04-20 16:40:27 [DEBUG] [1/3] 403: https://search.naver.com/search.naver?where=news&query=%EC%82%BC%EC%84%B1%EC%A0%84%EC%9E%90&pd=3&ds=2023.01.01&de=2023.01.31&start=201&sort=0
2026-04-20 16:40:39 [DEBUG] [1/3] 403: https://search.naver.com/search.naver?where=news&query=%EC%82%BC%EC%84%B1%EC%A0%84%EC%9E%90&pd=3&ds=2023.01.01&de=2023.01.31&start=231&sort=0
2026-04-20 16:40:48 [INFO] [13/48] 2023.01 완료 | 신규 URL 135건 | 누적 1826건
2026-04-20 16:40:55 [DEBUG] [1/3] 403: https://search.naver.com/search.naver?where=news&query=%EC%82%BC%EC%84%B1%EC%A0%84%EC%9E%90&pd=3&ds=2023.02.01&de=2023.02.28&start=31&sort=0
2026-04-20 16:41:00 [DEBUG] [2/3] 403: https://search.naver.com/search.naver?where=news&query=%EC%82%BC%EC%84%B1%EC%A0%84%EC%9E%90&pd=3&ds=2023.02.01&de=2023.02.28&start=31&sort=0
2026-04-20 16:41:19 [DEBUG] [1/3] 403: https://search.naver.com/search.naver?where=news&query=%EC%82%BC%EC%84%B1%EC%A0%84%EC%9E%90&pd=3&ds=2023.02.01&de=2023.02.28&start=71&sort=0
2026-04-20 16:41:40 [DEBUG] [1/3] 403: https://search.naver.com/search.naver?where=news&query=%EC%82%BC%EC%84%B1%EC%A0%84%EC%9E%90&pd=3&ds=2023.02.01&de=2023.02.28&start=141&sort=0
2026-04-20 16:41:49 [DEBUG] [1/3] 403: https://search.naver.com/search.naver?where=news&query=%EC%82%BC%EC%84%B1%EC%A0%84%EC%9E%90&pd=3&ds=2023.02.01&de=2023.02.28&start=161&sort=0
2026-04-20 16:41:54 [DEBUG] [2/3] 403: https://search.naver.com/search.naver?where=news&query=%EC%82%BC%EC%84%B1%EC%A0%84%EC%9E%90&pd=3&ds=2023.02.01&de=2023.02.28&start=161&sort=0
2026-04-20 16:42:07 [DEBUG] [1/3] 403: https://search.naver.com/search.naver?where=news&query=%EC%82%BC%EC%84%B1%EC%A0%84%EC%9E%90&pd=3&ds=2023.02.01&de=2023.02.28&start=171&sort=0
2026-04-20 16:42:14 [INFO] [14/48] 2023.02 완료 | 신규 URL 75건 | 누적 1901건
2026-04-20 16:42:16 [DEBUG] [1/3] 403: https://search.naver.com/search.naver?where=news&query=%EC%82%BC%EC%84%B1%EC%A0%84%EC%9E%90&pd=3&ds=2023.03.01&de=2023.03.31&start=11&sort=0
2026-04-20 16:42:21 [DEBUG] [2/3] 403: https://search.naver.com/search.naver?where=news&query=%EC%82%BC%EC%84%B1%EC%A0%84%EC%9E%90&pd=3&ds=2023.03.01&de=2023.03.31&start=11&sort=0
2026-04-20 16:42:36 [DEBUG] [1/3] 403: https://search.naver.com/search.naver?where=news&query=%EC%82%BC%EC%84%B1%EC%A0%84%EC%9E%90&pd=3&ds=2023.03.01&de=2023.03.31&start=31&sort=0
2026-04-20 16:42:43 [DEBUG] [1/3] 403: https://search.naver.com/search.naver?where=news&query=%EC%82%BC%EC%84%B1%EC%A0%84%EC%9E%90&pd=3&ds=2023.03.01&de=2023.03.31&start=41&sort=0
2026-04-20 16:42:50 [DEBUG] [1/3] 403: https://search.naver.com/search.naver?where=news&query=%EC%82%BC%EC%84%B1%EC%A0%84%EC%9E%90&pd=3&ds=2023.03.01&de=2023.03.31&start=51&sort=0
2026-04-20 16:42:55 [DEBUG] [2/3] 403: https://search.naver.com/search.naver?where=news&query=%EC%82%BC%EC%84%B1%EC%A0%84%EC%9E%90&pd=3&ds=2023.03.01&de=2023.03.31&start=51&sort=0
2026-04-20 16:43:05 [DEBUG] [3/3] 403: https://search.naver.com/search.naver?where=news&query=%EC%82%BC%EC%84%B1%EC%A0%84%EC%9E%90&pd=3&ds=2023.03.01&de=2023.03.31&start=51&sort=0
2026-04-20 16:43:37 [DEBUG] [1/3] 403: https://search.naver.com/search.naver?where=news&query=%EC%82%BC%EC%84%B1%EC%A0%84%EC%9E%90&pd=3&ds=2023.03.01&de=2023.03.31&start=121&sort=0
2026-04-20 16:43:44 [DEBUG] [1/3] 403: https://search.naver.com/search.naver?where=news&query=%EC%82%BC%EC%84%B1%EC%A0%84%EC%9E%90&pd=3&ds=2023.03.01&de=2023.03.31&start=131&sort=0
2026-04-20 16:43:59 [DEBUG] [1/3] 403: https://search.naver.com/search.naver?where=news&query=%EC%82%BC%EC%84%B1%EC%A0%84%EC%9E%90&pd=3&ds=2023.03.01&de=2023.03.31&start=171&sort=0
2026-04-20 16:44:11 [DEBUG] [1/3] 403: https://search.naver.com/search.naver?where=news&query=%EC%82%BC%EC%84%B1%EC%A0%84%EC%9E%90&pd=3&ds=2023.03.01&de=2023.03.31&start=201&sort=0
2026-04-20 16:44:18 [DEBUG] [1/3] 403: https://search.naver.com/search.naver?where=news&query=%EC%82%BC%EC%84%B1%EC%A0%84%EC%9E%90&pd=3&ds=2023.03.01&de=2023.03.31&start=211&sort=0
2026-04-20 16:44:23 [DEBUG] [2/3] 403: https://search.naver.com/search.naver?where=news&query=%EC%82%BC%EC%84%B1%EC%A0%84%EC%9E%90&pd=3&ds=2023.03.01&de=2023.03.31&start=211&sort=0
2026-04-20 16:44:40 [DEBUG] [1/3] 403: https://search.naver.com/search.naver?where=news&query=%EC%82%BC%EC%84%B1%EC%A0%84%EC%9E%90&pd=3&ds=2023.03.01&de=2023.03.31&start=241&sort=0
2026-04-20 16:44:47 [DEBUG] [1/3] 403: https://search.naver.com/search.naver?where=news&query=%EC%82%BC%EC%84%B1%EC%A0%84%EC%9E%90&pd=3&ds=2023.03.01&de=2023.03.31&start=251&sort=0
2026-04-20 16:44:58 [INFO] [15/48] 2023.03 완료 | 신규 URL 129건 | 누적 2030건 | 차단/실패 1회
2026-04-20 16:44:59 [DEBUG] [1/3] 403: https://search.naver.com/search.naver?where=news&query=%EC%82%BC%EC%84%B1%EC%A0%84%EC%9E%90&pd=3&ds=2023.04.01&de=2023.04.30&start=1&sort=0
2026-04-20 16:45:17 [DEBUG] [1/3] 403: https://search.naver.com/search.naver?where=news&query=%EC%82%BC%EC%84%B1%EC%A0%84%EC%9E%90&pd=3&ds=2023.04.01&de=2023.04.30&start=61&sort=0
2026-04-20 16:45:22 [DEBUG] [2/3] 403: https://search.naver.com/search.naver?where=news&query=%EC%82%BC%EC%84%B1%EC%A0%84%EC%9E%90&pd=3&ds=2023.04.01&de=2023.04.30&start=61&sort=0
2026-04-20 16:45:40 [DEBUG] [1/3] 403: https://search.naver.com/search.naver?where=news&query=%EC%82%BC%EC%84%B1%EC%A0%84%EC%9E%90&pd=3&ds=2023.04.01&de=2023.04.30&start=101&sort=0
2026-04-20 16:46:16 [DEBUG] [1/3] 403: https://search.naver.com/search.naver?where=news&query=%EC%82%BC%EC%84%B1%EC%A0%84%EC%9E%90&pd=3&ds=2023.04.01&de=2023.04.30&start=231&sort=0
2026-04-20 16:46:23 [DEBUG] [1/3] 403: https://search.naver.com/search.naver?where=news&query=%EC%82%BC%EC%84%B1%EC%A0%84%EC%9E%90&pd=3&ds=2023.04.01&de=2023.04.30&start=241&sort=0
2026-04-20 16:46:39 [DEBUG] [1/3] 403: https://search.naver.com/search.naver?where=news&query=%EC%82%BC%EC%84%B1%EC%A0%84%EC%9E%90&pd=3&ds=2023.04.01&de=2023.04.30&start=291&sort=0
2026-04-20 16:46:48 [DEBUG] [1/3] 403: https://search.naver.com/search.naver?where=news&query=%EC%82%BC%EC%84%B1%EC%A0%84%EC%9E%90&pd=3&ds=2023.04.01&de=2023.04.30&start=311&sort=0
2026-04-20 16:47:00 [DEBUG] [1/3] 403: https://search.naver.com/search.naver?where=news&query=%EC%82%BC%EC%84%B1%EC%A0%84%EC%9E%90&pd=3&ds=2023.04.01&de=2023.04.30&start=341&sort=0
2026-04-20 16:47:09 [DEBUG] [1/3] 403: https://search.naver.com/search.naver?where=news&query=%EC%82%BC%EC%84%B1%EC%A0%84%EC%9E%90&pd=3&ds=2023.04.01&de=2023.04.30&start=361&sort=0
2026-04-20 16:47:14 [DEBUG] [2/3] 403: https://search.naver.com/search.naver?where=news&query=%EC%82%BC%EC%84%B1%EC%A0%84%EC%9E%90&pd=3&ds=2023.04.01&de=2023.04.30&start=361&sort=0
2026-04-20 16:47:24 [DEBUG] [3/3] 403: https://search.naver.com/search.naver?where=news&query=%EC%82%BC%EC%84%B1%EC%A0%84%EC%9E%90&pd=3&ds=2023.04.01&de=2023.04.30&start=361&sort=0
2026-04-20 16:47:48 [INFO] [16/48] 2023.04 완료 | 신규 URL 262건 | 누적 2292건 | 차단/실패 1회
2026-04-20 16:47:55 [DEBUG] [1/3] 403: https://search.naver.com/search.naver?where=news&query=%EC%82%BC%EC%84%B1%EC%A0%84%EC%9E%90&pd=3&ds=2023.05.01&de=2023.05.31&start=31&sort=0
2026-04-20 16:48:00 [DEBUG] [2/3] 403: https://search.naver.com/search.naver?where=news&query=%EC%82%BC%EC%84%B1%EC%A0%84%EC%9E%90&pd=3&ds=2023.05.01&de=2023.05.31&start=31&sort=0
2026-04-20 16:48:16 [DEBUG] [1/3] 403: https://search.naver.com/search.naver?where=news&query=%EC%82%BC%EC%84%B1%EC%A0%84%EC%9E%90&pd=3&ds=2023.05.01&de=2023.05.31&start=61&sort=0
2026-04-20 16:48:30 [DEBUG] [1/3] 403: https://search.naver.com/search.naver?where=news&query=%EC%82%BC%EC%84%B1%EC%A0%84%EC%9E%90&pd=3&ds=2023.05.01&de=2023.05.31&start=101&sort=0
2026-04-20 16:48:39 [DEBUG] [1/3] 403: https://search.naver.com/search.naver?where=news&query=%EC%82%BC%EC%84%B1%EC%A0%84%EC%9E%90&pd=3&ds=2023.05.01&de=2023.05.31&start=121&sort=0
2026-04-20 16:48:50 [DEBUG] [1/3] 403: https://search.naver.com/search.naver?where=news&query=%EC%82%BC%EC%84%B1%EC%A0%84%EC%9E%90&pd=3&ds=2023.05.01&de=2023.05.31&start=151&sort=0
2026-04-20 16:48:55 [DEBUG] [2/3] 403: https://search.naver.com/search.naver?where=news&query=%EC%82%BC%EC%84%B1%EC%A0%84%EC%9E%90&pd=3&ds=2023.05.01&de=2023.05.31&start=151&sort=0
2026-04-20 16:49:17 [DEBUG] [1/3] 403: https://search.naver.com/search.naver?where=news&query=%EC%82%BC%EC%84%B1%EC%A0%84%EC%9E%90&pd=3&ds=2023.05.01&de=2023.05.31&start=201&sort=0
2026-04-20 16:49:22 [DEBUG] [2/3] 403: https://search.naver.com/search.naver?where=news&query=%EC%82%BC%EC%84%B1%EC%A0%84%EC%9E%90&pd=3&ds=2023.05.01&de=2023.05.31&start=201&sort=0
2026-04-20 16:49:38 [DEBUG] [1/3] 403: https://search.naver.com/search.naver?where=news&query=%EC%82%BC%EC%84%B1%EC%A0%84%EC%9E%90&pd=3&ds=2023.05.01&de=2023.05.31&start=231&sort=0
2026-04-20 16:49:56 [INFO] [17/48] 2023.05 완료 | 신규 URL 93건 | 누적 2385건
2026-04-20 16:49:59 [DEBUG] [1/3] 403: https://search.naver.com/search.naver?where=news&query=%EC%82%BC%EC%84%B1%EC%A0%84%EC%9E%90&pd=3&ds=2023.06.01&de=2023.06.30&start=11&sort=0
2026-04-20 16:50:09 [DEBUG] [1/3] 403: https://search.naver.com/search.naver?where=news&query=%EC%82%BC%EC%84%B1%EC%A0%84%EC%9E%90&pd=3&ds=2023.06.01&de=2023.06.30&start=31&sort=0
2026-04-20 16:50:20 [DEBUG] [1/3] 403: https://search.naver.com/search.naver?where=news&query=%EC%82%BC%EC%84%B1%EC%A0%84%EC%9E%90&pd=3&ds=2023.06.01&de=2023.06.30&start=61&sort=0
2026-04-20 16:50:33 [DEBUG] [1/3] 403: https://search.naver.com/search.naver?where=news&query=%EC%82%BC%EC%84%B1%EC%A0%84%EC%9E%90&pd=3&ds=2023.06.01&de=2023.06.30&start=101&sort=0
2026-04-20 16:50:54 [DEBUG] [1/3] 403: https://search.naver.com/search.naver?where=news&query=%EC%82%BC%EC%84%B1%EC%A0%84%EC%9E%90&pd=3&ds=2023.06.01&de=2023.06.30&start=171&sort=0
2026-04-20 16:51:06 [DEBUG] [1/3] 403: https://search.naver.com/search.naver?where=news&query=%EC%82%BC%EC%84%B1%EC%A0%84%EC%9E%90&pd=3&ds=2023.06.01&de=2023.06.30&start=201&sort=0
2026-04-20 16:51:13 [DEBUG] [1/3] 403: https://search.naver.com/search.naver?where=news&query=%EC%82%BC%EC%84%B1%EC%A0%84%EC%9E%90&pd=3&ds=2023.06.01&de=2023.06.30&start=211&sort=0
2026-04-20 16:51:22 [DEBUG] [1/3] 403: https://search.naver.com/search.naver?where=news&query=%EC%82%BC%EC%84%B1%EC%A0%84%EC%9E%90&pd=3&ds=2023.06.01&de=2023.06.30&start=231&sort=0
2026-04-20 16:51:30 [DEBUG] [1/3] 403: https://search.naver.com/search.naver?where=news&query=%EC%82%BC%EC%84%B1%EC%A0%84%EC%9E%90&pd=3&ds=2023.06.01&de=2023.06.30&start=241&sort=0
2026-04-20 16:51:41 [DEBUG] [1/3] 403: https://search.naver.com/search.naver?where=news&query=%EC%82%BC%EC%84%B1%EC%A0%84%EC%9E%90&pd=3&ds=2023.06.01&de=2023.06.30&start=271&sort=0
2026-04-20 16:51:51 [DEBUG] [1/3] 403: https://search.naver.com/search.naver?where=news&query=%EC%82%BC%EC%84%B1%EC%A0%84%EC%9E%90&pd=3&ds=2023.06.01&de=2023.06.30&start=291&sort=0
2026-04-20 16:51:59 [DEBUG] [1/3] 403: https://search.naver.com/search.naver?where=news&query=%EC%82%BC%EC%84%B1%EC%A0%84%EC%9E%90&pd=3&ds=2023.06.01&de=2023.06.30&start=301&sort=0
2026-04-20 16:52:08 [DEBUG] [1/3] 403: https://search.naver.com/search.naver?where=news&query=%EC%82%BC%EC%84%B1%EC%A0%84%EC%9E%90&pd=3&ds=2023.06.01&de=2023.06.30&start=321&sort=0
2026-04-20 16:52:17 [DEBUG] [1/3] 403: https://search.naver.com/search.naver?where=news&query=%EC%82%BC%EC%84%B1%EC%A0%84%EC%9E%90&pd=3&ds=2023.06.01&de=2023.06.30&start=341&sort=0
2026-04-20 16:52:22 [DEBUG] [2/3] 403: https://search.naver.com/search.naver?where=news&query=%EC%82%BC%EC%84%B1%EC%A0%84%EC%9E%90&pd=3&ds=2023.06.01&de=2023.06.30&start=341&sort=0
2026-04-20 16:52:41 [DEBUG] [1/3] 403: https://search.naver.com/search.naver?where=news&query=%EC%82%BC%EC%84%B1%EC%A0%84%EC%9E%90&pd=3&ds=2023.06.01&de=2023.06.30&start=381&sort=0
2026-04-20 16:52:47 [DEBUG] [2/3] 403: https://search.naver.com/search.naver?where=news&query=%EC%82%BC%EC%84%B1%EC%A0%84%EC%9E%90&pd=3&ds=2023.06.01&de=2023.06.30&start=381&sort=0
2026-04-20 16:52:57 [DEBUG] [3/3] 403: https://search.naver.com/search.naver?where=news&query=%EC%82%BC%EC%84%B1%EC%A0%84%EC%9E%90&pd=3&ds=2023.06.01&de=2023.06.30&start=381&sort=0
2026-04-20 16:53:14 [DEBUG] [1/3] 403: https://search.naver.com/search.naver?where=news&query=%EC%82%BC%EC%84%B1%EC%A0%84%EC%9E%90&pd=3&ds=2023.06.01&de=2023.06.30&start=391&sort=0
2026-04-20 16:53:19 [DEBUG] [2/3] 403: https://search.naver.com/search.naver?where=news&query=%EC%82%BC%EC%84%B1%EC%A0%84%EC%9E%90&pd=3&ds=2023.06.01&de=2023.06.30&start=391&sort=0
2026-04-20 16:53:31 [INFO] [18/48] 2023.06 완료 | 신규 URL 162건 | 누적 2547건 | 차단/실패 1회
2026-04-20 16:53:36 [DEBUG] [1/3] 403: https://search.naver.com/search.naver?where=news&query=%EC%82%BC%EC%84%B1%EC%A0%84%EC%9E%90&pd=3&ds=2023.07.01&de=2023.07.31&start=21&sort=0
2026-04-20 16:53:43 [DEBUG] [1/3] 403: https://search.naver.com/search.naver?where=news&query=%EC%82%BC%EC%84%B1%EC%A0%84%EC%9E%90&pd=3&ds=2023.07.01&de=2023.07.31&start=31&sort=0
2026-04-20 16:53:50 [DEBUG] [1/3] 403: https://search.naver.com/search.naver?where=news&query=%EC%82%BC%EC%84%B1%EC%A0%84%EC%9E%90&pd=3&ds=2023.07.01&de=2023.07.31&start=41&sort=0
2026-04-20 16:53:55 [DEBUG] [2/3] 403: https://search.naver.com/search.naver?where=news&query=%EC%82%BC%EC%84%B1%EC%A0%84%EC%9E%90&pd=3&ds=2023.07.01&de=2023.07.31&start=41&sort=0
2026-04-20 16:54:07 [DEBUG] [1/3] 403: https://search.naver.com/search.naver?where=news&query=%EC%82%BC%EC%84%B1%EC%A0%84%EC%9E%90&pd=3&ds=2023.07.01&de=2023.07.31&start=51&sort=0
2026-04-20 16:54:12 [DEBUG] [2/3] 403: https://search.naver.com/search.naver?where=news&query=%EC%82%BC%EC%84%B1%EC%A0%84%EC%9E%90&pd=3&ds=2023.07.01&de=2023.07.31&start=51&sort=0
2026-04-20 16:54:22 [DEBUG] [3/3] 403: https://search.naver.com/search.naver?where=news&query=%EC%82%BC%EC%84%B1%EC%A0%84%EC%9E%90&pd=3&ds=2023.07.01&de=2023.07.31&start=51&sort=0
2026-04-20 16:54:39 [DEBUG] [1/3] 403: https://search.naver.com/search.naver?where=news&query=%EC%82%BC%EC%84%B1%EC%A0%84%EC%9E%90&pd=3&ds=2023.07.01&de=2023.07.31&start=61&sort=0
2026-04-20 16:54:44 [DEBUG] [2/3] 403: https://search.naver.com/search.naver?where=news&query=%EC%82%BC%EC%84%B1%EC%A0%84%EC%9E%90&pd=3&ds=2023.07.01&de=2023.07.31&start=61&sort=0
2026-04-20 16:54:54 [DEBUG] [3/3] 403: https://search.naver.com/search.naver?where=news&query=%EC%82%BC%EC%84%B1%EC%A0%84%EC%9E%90&pd=3&ds=2023.07.01&de=2023.07.31&start=61&sort=0
2026-04-20 16:55:14 [DEBUG] [1/3] 403: https://search.naver.com/search.naver?where=news&query=%EC%82%BC%EC%84%B1%EC%A0%84%EC%9E%90&pd=3&ds=2023.07.01&de=2023.07.31&start=81&sort=0
2026-04-20 16:55:21 [DEBUG] [1/3] 403: https://search.naver.com/search.naver?where=news&query=%EC%82%BC%EC%84%B1%EC%A0%84%EC%9E%90&pd=3&ds=2023.07.01&de=2023.07.31&start=91&sort=0
2026-04-20 16:55:28 [DEBUG] [1/3] 403: https://search.naver.com/search.naver?where=news&query=%EC%82%BC%EC%84%B1%EC%A0%84%EC%9E%90&pd=3&ds=2023.07.01&de=2023.07.31&start=101&sort=0
2026-04-20 16:55:35 [DEBUG] [1/3] 403: https://search.naver.com/search.naver?where=news&query=%EC%82%BC%EC%84%B1%EC%A0%84%EC%9E%90&pd=3&ds=2023.07.01&de=2023.07.31&start=111&sort=0
2026-04-20 16:55:47 [INFO] [19/48] 2023.07 완료 | 신규 URL 66건 | 누적 2613건 | 차단/실패 2회
2026-04-20 16:55:58 [DEBUG] [1/3] 403: https://search.naver.com/search.naver?where=news&query=%EC%82%BC%EC%84%B1%EC%A0%84%EC%9E%90&pd=3&ds=2023.08.01&de=2023.08.31&start=51&sort=0
2026-04-20 16:56:07 [DEBUG] [1/3] 403: https://search.naver.com/search.naver?where=news&query=%EC%82%BC%EC%84%B1%EC%A0%84%EC%9E%90&pd=3&ds=2023.08.01&de=2023.08.31&start=71&sort=0
2026-04-20 16:56:20 [DEBUG] [1/3] 403: https://search.naver.com/search.naver?where=news&query=%EC%82%BC%EC%84%B1%EC%A0%84%EC%9E%90&pd=3&ds=2023.08.01&de=2023.08.31&start=111&sort=0
2026-04-20 16:56:36 [DEBUG] [1/3] 403: https://search.naver.com/search.naver?where=news&query=%EC%82%BC%EC%84%B1%EC%A0%84%EC%9E%90&pd=3&ds=2023.08.01&de=2023.08.31&start=161&sort=0
2026-04-20 16:56:52 [DEBUG] [1/3] 403: https://search.naver.com/search.naver?where=news&query=%EC%82%BC%EC%84%B1%EC%A0%84%EC%9E%90&pd=3&ds=2023.08.01&de=2023.08.31&start=201&sort=0
2026-04-20 16:56:57 [DEBUG] [2/3] 403: https://search.naver.com/search.naver?where=news&query=%EC%82%BC%EC%84%B1%EC%A0%84%EC%9E%90&pd=3&ds=2023.08.01&de=2023.08.31&start=201&sort=0
2026-04-20 16:57:11 [INFO] [20/48] 2023.08 완료 | 신규 URL 81건 | 누적 2694건
2026-04-20 16:57:20 [DEBUG] [1/3] 403: https://search.naver.com/search.naver?where=news&query=%EC%82%BC%EC%84%B1%EC%A0%84%EC%9E%90&pd=3&ds=2023.09.01&de=2023.09.30&start=41&sort=0
2026-04-20 16:57:40 [DEBUG] [1/3] 403: https://search.naver.com/search.naver?where=news&query=%EC%82%BC%EC%84%B1%EC%A0%84%EC%9E%90&pd=3&ds=2023.09.01&de=2023.09.30&start=111&sort=0
2026-04-20 16:57:47 [DEBUG] [1/3] 403: https://search.naver.com/search.naver?where=news&query=%EC%82%BC%EC%84%B1%EC%A0%84%EC%9E%90&pd=3&ds=2023.09.01&de=2023.09.30&start=121&sort=0
2026-04-20 16:57:54 [INFO] [21/48] 2023.09 완료 | 신규 URL 66건 | 누적 2760건
2026-04-20 16:58:00 [DEBUG] [1/3] 403: https://search.naver.com/search.naver?where=news&query=%EC%82%BC%EC%84%B1%EC%A0%84%EC%9E%90&pd=3&ds=2023.10.01&de=2023.10.31&start=31&sort=0
2026-04-20 16:58:05 [DEBUG] [2/3] 403: https://search.naver.com/search.naver?where=news&query=%EC%82%BC%EC%84%B1%EC%A0%84%EC%9E%90&pd=3&ds=2023.10.01&de=2023.10.31&start=31&sort=0
2026-04-20 16:58:23 [DEBUG] [1/3] 403: https://search.naver.com/search.naver?where=news&query=%EC%82%BC%EC%84%B1%EC%A0%84%EC%9E%90&pd=3&ds=2023.10.01&de=2023.10.31&start=71&sort=0
2026-04-20 16:58:32 [DEBUG] [1/3] 403: https://search.naver.com/search.naver?where=news&query=%EC%82%BC%EC%84%B1%EC%A0%84%EC%9E%90&pd=3&ds=2023.10.01&de=2023.10.31&start=91&sort=0
2026-04-20 16:58:44 [DEBUG] [1/3] 403: https://search.naver.com/search.naver?where=news&query=%EC%82%BC%EC%84%B1%EC%A0%84%EC%9E%90&pd=3&ds=2023.10.01&de=2023.10.31&start=121&sort=0
2026-04-20 16:58:49 [DEBUG] [2/3] 403: https://search.naver.com/search.naver?where=news&query=%EC%82%BC%EC%84%B1%EC%A0%84%EC%9E%90&pd=3&ds=2023.10.01&de=2023.10.31&start=121&sort=0
2026-04-20 16:58:59 [DEBUG] [3/3] 403: https://search.naver.com/search.naver?where=news&query=%EC%82%BC%EC%84%B1%EC%A0%84%EC%9E%90&pd=3&ds=2023.10.01&de=2023.10.31&start=121&sort=0
2026-04-20 16:59:29 [DEBUG] [1/3] 403: https://search.naver.com/search.naver?where=news&query=%EC%82%BC%EC%84%B1%EC%A0%84%EC%9E%90&pd=3&ds=2023.10.01&de=2023.10.31&start=181&sort=0
2026-04-20 16:59:40 [DEBUG] [1/3] 403: https://search.naver.com/search.naver?where=news&query=%EC%82%BC%EC%84%B1%EC%A0%84%EC%9E%90&pd=3&ds=2023.10.01&de=2023.10.31&start=211&sort=0
2026-04-20 16:59:48 [DEBUG] [1/3] 403: https://search.naver.com/search.naver?where=news&query=%EC%82%BC%EC%84%B1%EC%A0%84%EC%9E%90&pd=3&ds=2023.10.01&de=2023.10.31&start=221&sort=0
2026-04-20 16:59:55 [DEBUG] [1/3] 403: https://search.naver.com/search.naver?where=news&query=%EC%82%BC%EC%84%B1%EC%A0%84%EC%9E%90&pd=3&ds=2023.10.01&de=2023.10.31&start=231&sort=0
2026-04-20 17:00:06 [DEBUG] [1/3] 403: https://search.naver.com/search.naver?where=news&query=%EC%82%BC%EC%84%B1%EC%A0%84%EC%9E%90&pd=3&ds=2023.10.01&de=2023.10.31&start=261&sort=0
2026-04-20 17:00:11 [DEBUG] [2/3] 403: https://search.naver.com/search.naver?where=news&query=%EC%82%BC%EC%84%B1%EC%A0%84%EC%9E%90&pd=3&ds=2023.10.01&de=2023.10.31&start=261&sort=0
2026-04-20 17:00:28 [DEBUG] [1/3] 403: https://search.naver.com/search.naver?where=news&query=%EC%82%BC%EC%84%B1%EC%A0%84%EC%9E%90&pd=3&ds=2023.10.01&de=2023.10.31&start=291&sort=0
2026-04-20 17:00:37 [DEBUG] [1/3] 403: https://search.naver.com/search.naver?where=news&query=%EC%82%BC%EC%84%B1%EC%A0%84%EC%9E%90&pd=3&ds=2023.10.01&de=2023.10.31&start=311&sort=0
2026-04-20 17:00:43 [INFO] [22/48] 2023.10 완료 | 신규 URL 136건 | 누적 2896건 | 차단/실패 1회
2026-04-20 17:00:46 [DEBUG] [1/3] 403: https://search.naver.com/search.naver?where=news&query=%EC%82%BC%EC%84%B1%EC%A0%84%EC%9E%90&pd=3&ds=2023.11.01&de=2023.11.30&start=11&sort=0
2026-04-20 17:01:00 [DEBUG] [1/3] 403: https://search.naver.com/search.naver?where=news&query=%EC%82%BC%EC%84%B1%EC%A0%84%EC%9E%90&pd=3&ds=2023.11.01&de=2023.11.30&start=51&sort=0
2026-04-20 17:01:05 [DEBUG] [2/3] 403: https://search.naver.com/search.naver?where=news&query=%EC%82%BC%EC%84%B1%EC%A0%84%EC%9E%90&pd=3&ds=2023.11.01&de=2023.11.30&start=51&sort=0
2026-04-20 17:01:15 [DEBUG] [3/3] 403: https://search.naver.com/search.naver?where=news&query=%EC%82%BC%EC%84%B1%EC%A0%84%EC%9E%90&pd=3&ds=2023.11.01&de=2023.11.30&start=51&sort=0
2026-04-20 17:01:35 [DEBUG] [1/3] 403: https://search.naver.com/search.naver?where=news&query=%EC%82%BC%EC%84%B1%EC%A0%84%EC%9E%90&pd=3&ds=2023.11.01&de=2023.11.30&start=71&sort=0
2026-04-20 17:01:40 [DEBUG] [2/3] 403: https://search.naver.com/search.naver?where=news&query=%EC%82%BC%EC%84%B1%EC%A0%84%EC%9E%90&pd=3&ds=2023.11.01&de=2023.11.30&start=71&sort=0
2026-04-20 17:01:54 [DEBUG] [1/3] 403: https://search.naver.com/search.naver?where=news&query=%EC%82%BC%EC%84%B1%EC%A0%84%EC%9E%90&pd=3&ds=2023.11.01&de=2023.11.30&start=91&sort=0
2026-04-20 17:01:59 [DEBUG] [2/3] 403: https://search.naver.com/search.naver?where=news&query=%EC%82%BC%EC%84%B1%EC%A0%84%EC%9E%90&pd=3&ds=2023.11.01&de=2023.11.30&start=91&sort=0
2026-04-20 17:02:20 [DEBUG] [1/3] 403: https://search.naver.com/search.naver?where=news&query=%EC%82%BC%EC%84%B1%EC%A0%84%EC%9E%90&pd=3&ds=2023.11.01&de=2023.11.30&start=141&sort=0
2026-04-20 17:02:29 [INFO] [23/48] 2023.11 완료 | 신규 URL 67건 | 누적 2963건 | 차단/실패 1회
2026-04-20 17:02:32 [DEBUG] [1/3] 403: https://search.naver.com/search.naver?where=news&query=%EC%82%BC%EC%84%B1%EC%A0%84%EC%9E%90&pd=3&ds=2023.12.01&de=2023.12.31&start=11&sort=0
2026-04-20 17:02:47 [DEBUG] [1/3] 403: https://search.naver.com/search.naver?where=news&query=%EC%82%BC%EC%84%B1%EC%A0%84%EC%9E%90&pd=3&ds=2023.12.01&de=2023.12.31&start=51&sort=0
2026-04-20 17:02:52 [DEBUG] [2/3] 403: https://search.naver.com/search.naver?where=news&query=%EC%82%BC%EC%84%B1%EC%A0%84%EC%9E%90&pd=3&ds=2023.12.01&de=2023.12.31&start=51&sort=0
2026-04-20 17:03:09 [DEBUG] [1/3] 403: https://search.naver.com/search.naver?where=news&query=%EC%82%BC%EC%84%B1%EC%A0%84%EC%9E%90&pd=3&ds=2023.12.01&de=2023.12.31&start=81&sort=0
2026-04-20 17:03:16 [DEBUG] [1/3] 403: https://search.naver.com/search.naver?where=news&query=%EC%82%BC%EC%84%B1%EC%A0%84%EC%9E%90&pd=3&ds=2023.12.01&de=2023.12.31&start=91&sort=0
2026-04-20 17:03:21 [DEBUG] [2/3] 403: https://search.naver.com/search.naver?where=news&query=%EC%82%BC%EC%84%B1%EC%A0%84%EC%9E%90&pd=3&ds=2023.12.01&de=2023.12.31&start=91&sort=0
2026-04-20 17:03:37 [DEBUG] [1/3] 403: https://search.naver.com/search.naver?where=news&query=%EC%82%BC%EC%84%B1%EC%A0%84%EC%9E%90&pd=3&ds=2023.12.01&de=2023.12.31&start=121&sort=0
2026-04-20 17:03:47 [DEBUG] [1/3] 403: https://search.naver.com/search.naver?where=news&query=%EC%82%BC%EC%84%B1%EC%A0%84%EC%9E%90&pd=3&ds=2023.12.01&de=2023.12.31&start=141&sort=0
2026-04-20 17:04:02 [DEBUG] [1/3] 403: https://search.naver.com/search.naver?where=news&query=%EC%82%BC%EC%84%B1%EC%A0%84%EC%9E%90&pd=3&ds=2023.12.01&de=2023.12.31&start=181&sort=0
2026-04-20 17:04:07 [DEBUG] [2/3] 403: https://search.naver.com/search.naver?where=news&query=%EC%82%BC%EC%84%B1%EC%A0%84%EC%9E%90&pd=3&ds=2023.12.01&de=2023.12.31&start=181&sort=0
2026-04-20 17:04:24 [DEBUG] [1/3] 403: https://search.naver.com/search.naver?where=news&query=%EC%82%BC%EC%84%B1%EC%A0%84%EC%9E%90&pd=3&ds=2023.12.01&de=2023.12.31&start=211&sort=0
2026-04-20 17:04:35 [DEBUG] [1/3] 403: https://search.naver.com/search.naver?where=news&query=%EC%82%BC%EC%84%B1%EC%A0%84%EC%9E%90&pd=3&ds=2023.12.01&de=2023.12.31&start=241&sort=0
2026-04-20 17:04:44 [DEBUG] [1/3] 403: https://search.naver.com/search.naver?where=news&query=%EC%82%BC%EC%84%B1%EC%A0%84%EC%9E%90&pd=3&ds=2023.12.01&de=2023.12.31&start=261&sort=0
2026-04-20 17:04:53 [DEBUG] [1/3] 403: https://search.naver.com/search.naver?where=news&query=%EC%82%BC%EC%84%B1%EC%A0%84%EC%9E%90&pd=3&ds=2023.12.01&de=2023.12.31&start=281&sort=0
2026-04-20 17:04:58 [DEBUG] [2/3] 403: https://search.naver.com/search.naver?where=news&query=%EC%82%BC%EC%84%B1%EC%A0%84%EC%9E%90&pd=3&ds=2023.12.01&de=2023.12.31&start=281&sort=0
2026-04-20 17:05:08 [DEBUG] [3/3] 403: https://search.naver.com/search.naver?where=news&query=%EC%82%BC%EC%84%B1%EC%A0%84%EC%9E%90&pd=3&ds=2023.12.01&de=2023.12.31&start=281&sort=0
2026-04-20 17:05:25 [DEBUG] [1/3] 403: https://search.naver.com/search.naver?where=news&query=%EC%82%BC%EC%84%B1%EC%A0%84%EC%9E%90&pd=3&ds=2023.12.01&de=2023.12.31&start=291&sort=0
2026-04-20 17:05:37 [INFO] [24/48] 2023.12 완료 | 신규 URL 160건 | 누적 3123건 | 차단/실패 1회
2026-04-20 17:05:47 [DEBUG] [1/3] 403: https://search.naver.com/search.naver?where=news&query=%EC%82%BC%EC%84%B1%EC%A0%84%EC%9E%90&pd=3&ds=2024.01.01&de=2024.01.31&start=41&sort=0
2026-04-20 17:05:54 [DEBUG] [1/3] 403: https://search.naver.com/search.naver?where=news&query=%EC%82%BC%EC%84%B1%EC%A0%84%EC%9E%90&pd=3&ds=2024.01.01&de=2024.01.31&start=51&sort=0
2026-04-20 17:06:01 [DEBUG] [1/3] 403: https://search.naver.com/search.naver?where=news&query=%EC%82%BC%EC%84%B1%EC%A0%84%EC%9E%90&pd=3&ds=2024.01.01&de=2024.01.31&start=61&sort=0
2026-04-20 17:06:09 [DEBUG] [1/3] 403: https://search.naver.com/search.naver?where=news&query=%EC%82%BC%EC%84%B1%EC%A0%84%EC%9E%90&pd=3&ds=2024.01.01&de=2024.01.31&start=71&sort=0
2026-04-20 17:06:20 [DEBUG] [1/3] 403: https://search.naver.com/search.naver?where=news&query=%EC%82%BC%EC%84%B1%EC%A0%84%EC%9E%90&pd=3&ds=2024.01.01&de=2024.01.31&start=101&sort=0
2026-04-20 17:06:28 [DEBUG] [1/3] 403: https://search.naver.com/search.naver?where=news&query=%EC%82%BC%EC%84%B1%EC%A0%84%EC%9E%90&pd=3&ds=2024.01.01&de=2024.01.31&start=111&sort=0
2026-04-20 17:06:33 [DEBUG] [2/3] 403: https://search.naver.com/search.naver?where=news&query=%EC%82%BC%EC%84%B1%EC%A0%84%EC%9E%90&pd=3&ds=2024.01.01&de=2024.01.31&start=111&sort=0
2026-04-20 17:06:50 [DEBUG] [1/3] 403: https://search.naver.com/search.naver?where=news&query=%EC%82%BC%EC%84%B1%EC%A0%84%EC%9E%90&pd=3&ds=2024.01.01&de=2024.01.31&start=141&sort=0
2026-04-20 17:06:55 [DEBUG] [2/3] 403: https://search.naver.com/search.naver?where=news&query=%EC%82%BC%EC%84%B1%EC%A0%84%EC%9E%90&pd=3&ds=2024.01.01&de=2024.01.31&start=141&sort=0
2026-04-20 17:07:29 [INFO] [25/48] 2024.01 완료 | 신규 URL 139건 | 누적 3262건
2026-04-20 17:08:33 [INFO] [26/48] 2024.02 완료 | 신규 URL 139건 | 누적 3401건
2026-04-20 17:09:24 [DEBUG] [1/3] 403: https://search.naver.com/search.naver?where=news&query=%EC%82%BC%EC%84%B1%EC%A0%84%EC%9E%90&pd=3&ds=2024.03.01&de=2024.03.31&start=231&sort=0
2026-04-20 17:09:36 [DEBUG] [1/3] 403: https://search.naver.com/search.naver?where=news&query=%EC%82%BC%EC%84%B1%EC%A0%84%EC%9E%90&pd=3&ds=2024.03.01&de=2024.03.31&start=261&sort=0
2026-04-20 17:09:46 [DEBUG] [1/3] 403: https://search.naver.com/search.naver?where=news&query=%EC%82%BC%EC%84%B1%EC%A0%84%EC%9E%90&pd=3&ds=2024.03.01&de=2024.03.31&start=281&sort=0
2026-04-20 17:09:51 [DEBUG] [2/3] 403: https://search.naver.com/search.naver?where=news&query=%EC%82%BC%EC%84%B1%EC%A0%84%EC%9E%90&pd=3&ds=2024.03.01&de=2024.03.31&start=281&sort=0
2026-04-20 17:10:23 [DEBUG] [1/3] 403: https://search.naver.com/search.naver?where=news&query=%EC%82%BC%EC%84%B1%EC%A0%84%EC%9E%90&pd=3&ds=2024.03.01&de=2024.03.31&start=381&sort=0
2026-04-20 17:10:33 [INFO] [27/48] 2024.03 완료 | 신규 URL 166건 | 누적 3567건
2026-04-20 17:10:50 [DEBUG] [1/3] 403: https://search.naver.com/search.naver?where=news&query=%EC%82%BC%EC%84%B1%EC%A0%84%EC%9E%90&pd=3&ds=2024.04.01&de=2024.04.30&start=71&sort=0
2026-04-20 17:10:55 [DEBUG] [2/3] 403: https://search.naver.com/search.naver?where=news&query=%EC%82%BC%EC%84%B1%EC%A0%84%EC%9E%90&pd=3&ds=2024.04.01&de=2024.04.30&start=71&sort=0
2026-04-20 17:11:16 [DEBUG] [1/3] 403: https://search.naver.com/search.naver?where=news&query=%EC%82%BC%EC%84%B1%EC%A0%84%EC%9E%90&pd=3&ds=2024.04.01&de=2024.04.30&start=121&sort=0
2026-04-20 17:11:31 [INFO] [28/48] 2024.04 완료 | 신규 URL 102건 | 누적 3669건
2026-04-20 17:11:33 [DEBUG] [1/3] 403: https://search.naver.com/search.naver?where=news&query=%EC%82%BC%EC%84%B1%EC%A0%84%EC%9E%90&pd=3&ds=2024.05.01&de=2024.05.31&start=11&sort=0
2026-04-20 17:11:38 [DEBUG] [2/3] 403: https://search.naver.com/search.naver?where=news&query=%EC%82%BC%EC%84%B1%EC%A0%84%EC%9E%90&pd=3&ds=2024.05.01&de=2024.05.31&start=11&sort=0
2026-04-20 17:11:48 [DEBUG] [3/3] 403: https://search.naver.com/search.naver?where=news&query=%EC%82%BC%EC%84%B1%EC%A0%84%EC%9E%90&pd=3&ds=2024.05.01&de=2024.05.31&start=11&sort=0
2026-04-20 17:12:12 [DEBUG] [1/3] 403: https://search.naver.com/search.naver?where=news&query=%EC%82%BC%EC%84%B1%EC%A0%84%EC%9E%90&pd=3&ds=2024.05.01&de=2024.05.31&start=51&sort=0
2026-04-20 17:12:19 [DEBUG] [1/3] 403: https://search.naver.com/search.naver?where=news&query=%EC%82%BC%EC%84%B1%EC%A0%84%EC%9E%90&pd=3&ds=2024.05.01&de=2024.05.31&start=61&sort=0
2026-04-20 17:12:27 [DEBUG] [1/3] 403: https://search.naver.com/search.naver?where=news&query=%EC%82%BC%EC%84%B1%EC%A0%84%EC%9E%90&pd=3&ds=2024.05.01&de=2024.05.31&start=71&sort=0
2026-04-20 17:12:35 [DEBUG] [1/3] 403: https://search.naver.com/search.naver?where=news&query=%EC%82%BC%EC%84%B1%EC%A0%84%EC%9E%90&pd=3&ds=2024.05.01&de=2024.05.31&start=81&sort=0
2026-04-20 17:12:44 [DEBUG] [1/3] 403: https://search.naver.com/search.naver?where=news&query=%EC%82%BC%EC%84%B1%EC%A0%84%EC%9E%90&pd=3&ds=2024.05.01&de=2024.05.31&start=101&sort=0
2026-04-20 17:12:52 [DEBUG] [1/3] 403: https://search.naver.com/search.naver?where=news&query=%EC%82%BC%EC%84%B1%EC%A0%84%EC%9E%90&pd=3&ds=2024.05.01&de=2024.05.31&start=111&sort=0
2026-04-20 17:13:01 [DEBUG] [1/3] 403: https://search.naver.com/search.naver?where=news&query=%EC%82%BC%EC%84%B1%EC%A0%84%EC%9E%90&pd=3&ds=2024.05.01&de=2024.05.31&start=131&sort=0
2026-04-20 17:13:14 [DEBUG] [1/3] 403: https://search.naver.com/search.naver?where=news&query=%EC%82%BC%EC%84%B1%EC%A0%84%EC%9E%90&pd=3&ds=2024.05.01&de=2024.05.31&start=161&sort=0
2026-04-20 17:13:19 [DEBUG] [2/3] 403: https://search.naver.com/search.naver?where=news&query=%EC%82%BC%EC%84%B1%EC%A0%84%EC%9E%90&pd=3&ds=2024.05.01&de=2024.05.31&start=161&sort=0
2026-04-20 17:13:49 [DEBUG] [1/3] 403: https://search.naver.com/search.naver?where=news&query=%EC%82%BC%EC%84%B1%EC%A0%84%EC%9E%90&pd=3&ds=2024.05.01&de=2024.05.31&start=251&sort=0
2026-04-20 17:13:59 [DEBUG] [1/3] 403: https://search.naver.com/search.naver?where=news&query=%EC%82%BC%EC%84%B1%EC%A0%84%EC%9E%90&pd=3&ds=2024.05.01&de=2024.05.31&start=271&sort=0
2026-04-20 17:14:06 [DEBUG] [1/3] 403: https://search.naver.com/search.naver?where=news&query=%EC%82%BC%EC%84%B1%EC%A0%84%EC%9E%90&pd=3&ds=2024.05.01&de=2024.05.31&start=281&sort=0
2026-04-20 17:14:13 [INFO] [29/48] 2024.05 완료 | 신규 URL 173건 | 누적 3842건 | 차단/실패 1회
2026-04-20 17:14:32 [DEBUG] [1/3] 403: https://search.naver.com/search.naver?where=news&query=%EC%82%BC%EC%84%B1%EC%A0%84%EC%9E%90&pd=3&ds=2024.06.01&de=2024.06.30&start=81&sort=0
2026-04-20 17:14:44 [DEBUG] [1/3] 403: https://search.naver.com/search.naver?where=news&query=%EC%82%BC%EC%84%B1%EC%A0%84%EC%9E%90&pd=3&ds=2024.06.01&de=2024.06.30&start=111&sort=0
2026-04-20 17:14:49 [DEBUG] [2/3] 403: https://search.naver.com/search.naver?where=news&query=%EC%82%BC%EC%84%B1%EC%A0%84%EC%9E%90&pd=3&ds=2024.06.01&de=2024.06.30&start=111&sort=0
2026-04-20 17:15:08 [DEBUG] [1/3] 403: https://search.naver.com/search.naver?where=news&query=%EC%82%BC%EC%84%B1%EC%A0%84%EC%9E%90&pd=3&ds=2024.06.01&de=2024.06.30&start=151&sort=0
2026-04-20 17:15:20 [INFO] [30/48] 2024.06 완료 | 신규 URL 88건 | 누적 3930건
2026-04-20 17:15:20 [DEBUG] [1/3] 403: https://search.naver.com/search.naver?where=news&query=%EC%82%BC%EC%84%B1%EC%A0%84%EC%9E%90&pd=3&ds=2024.07.01&de=2024.07.31&start=1&sort=0
2026-04-20 17:15:34 [DEBUG] [1/3] 403: https://search.naver.com/search.naver?where=news&query=%EC%82%BC%EC%84%B1%EC%A0%84%EC%9E%90&pd=3&ds=2024.07.01&de=2024.07.31&start=41&sort=0
2026-04-20 17:15:41 [DEBUG] [1/3] 403: https://search.naver.com/search.naver?where=news&query=%EC%82%BC%EC%84%B1%EC%A0%84%EC%9E%90&pd=3&ds=2024.07.01&de=2024.07.31&start=51&sort=0
2026-04-20 17:16:08 [DEBUG] [1/3] 403: https://search.naver.com/search.naver?where=news&query=%EC%82%BC%EC%84%B1%EC%A0%84%EC%9E%90&pd=3&ds=2024.07.01&de=2024.07.31&start=151&sort=0
2026-04-20 17:16:31 [DEBUG] [1/3] 403: https://search.naver.com/search.naver?where=news&query=%EC%82%BC%EC%84%B1%EC%A0%84%EC%9E%90&pd=3&ds=2024.07.01&de=2024.07.31&start=231&sort=0
2026-04-20 17:16:46 [DEBUG] [1/3] 403: https://search.naver.com/search.naver?where=news&query=%EC%82%BC%EC%84%B1%EC%A0%84%EC%9E%90&pd=3&ds=2024.07.01&de=2024.07.31&start=271&sort=0
2026-04-20 17:16:56 [DEBUG] [1/3] 403: https://search.naver.com/search.naver?where=news&query=%EC%82%BC%EC%84%B1%EC%A0%84%EC%9E%90&pd=3&ds=2024.07.01&de=2024.07.31&start=291&sort=0
2026-04-20 17:17:01 [DEBUG] [2/3] 403: https://search.naver.com/search.naver?where=news&query=%EC%82%BC%EC%84%B1%EC%A0%84%EC%9E%90&pd=3&ds=2024.07.01&de=2024.07.31&start=291&sort=0
2026-04-20 17:17:19 [DEBUG] [1/3] 403: https://search.naver.com/search.naver?where=news&query=%EC%82%BC%EC%84%B1%EC%A0%84%EC%9E%90&pd=3&ds=2024.07.01&de=2024.07.31&start=331&sort=0
2026-04-20 17:17:27 [DEBUG] [1/3] 403: https://search.naver.com/search.naver?where=news&query=%EC%82%BC%EC%84%B1%EC%A0%84%EC%9E%90&pd=3&ds=2024.07.01&de=2024.07.31&start=341&sort=0
2026-04-20 17:17:40 [DEBUG] [1/3] 403: https://search.naver.com/search.naver?where=news&query=%EC%82%BC%EC%84%B1%EC%A0%84%EC%9E%90&pd=3&ds=2024.07.01&de=2024.07.31&start=381&sort=0
2026-04-20 17:17:49 [INFO] [31/48] 2024.07 완료 | 신규 URL 178건 | 누적 4108건
2026-04-20 17:17:52 [DEBUG] [1/3] 403: https://search.naver.com/search.naver?where=news&query=%EC%82%BC%EC%84%B1%EC%A0%84%EC%9E%90&pd=3&ds=2024.08.01&de=2024.08.31&start=11&sort=0
2026-04-20 17:18:05 [DEBUG] [1/3] 403: https://search.naver.com/search.naver?where=news&query=%EC%82%BC%EC%84%B1%EC%A0%84%EC%9E%90&pd=3&ds=2024.08.01&de=2024.08.31&start=51&sort=0
2026-04-20 17:18:12 [DEBUG] [1/3] 403: https://search.naver.com/search.naver?where=news&query=%EC%82%BC%EC%84%B1%EC%A0%84%EC%9E%90&pd=3&ds=2024.08.01&de=2024.08.31&start=61&sort=0
2026-04-20 17:18:17 [DEBUG] [2/3] 403: https://search.naver.com/search.naver?where=news&query=%EC%82%BC%EC%84%B1%EC%A0%84%EC%9E%90&pd=3&ds=2024.08.01&de=2024.08.31&start=61&sort=0
2026-04-20 17:18:27 [DEBUG] [3/3] 403: https://search.naver.com/search.naver?where=news&query=%EC%82%BC%EC%84%B1%EC%A0%84%EC%9E%90&pd=3&ds=2024.08.01&de=2024.08.31&start=61&sort=0
2026-04-20 17:18:45 [DEBUG] [1/3] 403: https://search.naver.com/search.naver?where=news&query=%EC%82%BC%EC%84%B1%EC%A0%84%EC%9E%90&pd=3&ds=2024.08.01&de=2024.08.31&start=71&sort=0
2026-04-20 17:18:58 [DEBUG] [1/3] 403: https://search.naver.com/search.naver?where=news&query=%EC%82%BC%EC%84%B1%EC%A0%84%EC%9E%90&pd=3&ds=2024.08.01&de=2024.08.31&start=111&sort=0
2026-04-20 17:19:03 [DEBUG] [2/3] 403: https://search.naver.com/search.naver?where=news&query=%EC%82%BC%EC%84%B1%EC%A0%84%EC%9E%90&pd=3&ds=2024.08.01&de=2024.08.31&start=111&sort=0
2026-04-20 17:19:19 [DEBUG] [1/3] 403: https://search.naver.com/search.naver?where=news&query=%EC%82%BC%EC%84%B1%EC%A0%84%EC%9E%90&pd=3&ds=2024.08.01&de=2024.08.31&start=131&sort=0
2026-04-20 17:19:24 [DEBUG] [2/3] 403: https://search.naver.com/search.naver?where=news&query=%EC%82%BC%EC%84%B1%EC%A0%84%EC%9E%90&pd=3&ds=2024.08.01&de=2024.08.31&start=131&sort=0
2026-04-20 17:19:37 [DEBUG] [1/3] 403: https://search.naver.com/search.naver?where=news&query=%EC%82%BC%EC%84%B1%EC%A0%84%EC%9E%90&pd=3&ds=2024.08.01&de=2024.08.31&start=141&sort=0
2026-04-20 17:20:20 [DEBUG] [1/3] 403: https://search.naver.com/search.naver?where=news&query=%EC%82%BC%EC%84%B1%EC%A0%84%EC%9E%90&pd=3&ds=2024.08.01&de=2024.08.31&start=301&sort=0
2026-04-20 17:20:27 [DEBUG] [1/3] 403: https://search.naver.com/search.naver?where=news&query=%EC%82%BC%EC%84%B1%EC%A0%84%EC%9E%90&pd=3&ds=2024.08.01&de=2024.08.31&start=311&sort=0
2026-04-20 17:20:36 [DEBUG] [1/3] 403: https://search.naver.com/search.naver?where=news&query=%EC%82%BC%EC%84%B1%EC%A0%84%EC%9E%90&pd=3&ds=2024.08.01&de=2024.08.31&start=331&sort=0
2026-04-20 17:20:41 [DEBUG] [2/3] 403: https://search.naver.com/search.naver?where=news&query=%EC%82%BC%EC%84%B1%EC%A0%84%EC%9E%90&pd=3&ds=2024.08.01&de=2024.08.31&start=331&sort=0
2026-04-20 17:20:51 [DEBUG] [3/3] 403: https://search.naver.com/search.naver?where=news&query=%EC%82%BC%EC%84%B1%EC%A0%84%EC%9E%90&pd=3&ds=2024.08.01&de=2024.08.31&start=331&sort=0
2026-04-20 17:21:12 [DEBUG] [1/3] 403: https://search.naver.com/search.naver?where=news&query=%EC%82%BC%EC%84%B1%EC%A0%84%EC%9E%90&pd=3&ds=2024.08.01&de=2024.08.31&start=351&sort=0
2026-04-20 17:21:19 [DEBUG] [1/3] 403: https://search.naver.com/search.naver?where=news&query=%EC%82%BC%EC%84%B1%EC%A0%84%EC%9E%90&pd=3&ds=2024.08.01&de=2024.08.31&start=361&sort=0
2026-04-20 17:21:28 [DEBUG] [1/3] 403: https://search.naver.com/search.naver?where=news&query=%EC%82%BC%EC%84%B1%EC%A0%84%EC%9E%90&pd=3&ds=2024.08.01&de=2024.08.31&start=381&sort=0
2026-04-20 17:21:33 [DEBUG] [2/3] 403: https://search.naver.com/search.naver?where=news&query=%EC%82%BC%EC%84%B1%EC%A0%84%EC%9E%90&pd=3&ds=2024.08.01&de=2024.08.31&start=381&sort=0
2026-04-20 17:21:48 [INFO] [32/48] 2024.08 완료 | 신규 URL 155건 | 누적 4263건 | 차단/실패 2회
2026-04-20 17:21:50 [DEBUG] [1/3] 403: https://search.naver.com/search.naver?where=news&query=%EC%82%BC%EC%84%B1%EC%A0%84%EC%9E%90&pd=3&ds=2024.09.01&de=2024.09.30&start=11&sort=0
2026-04-20 17:21:58 [DEBUG] [1/3] 403: https://search.naver.com/search.naver?where=news&query=%EC%82%BC%EC%84%B1%EC%A0%84%EC%9E%90&pd=3&ds=2024.09.01&de=2024.09.30&start=21&sort=0
2026-04-20 17:22:03 [DEBUG] [2/3] 403: https://search.naver.com/search.naver?where=news&query=%EC%82%BC%EC%84%B1%EC%A0%84%EC%9E%90&pd=3&ds=2024.09.01&de=2024.09.30&start=21&sort=0
2026-04-20 17:22:13 [DEBUG] [3/3] 403: https://search.naver.com/search.naver?where=news&query=%EC%82%BC%EC%84%B1%EC%A0%84%EC%9E%90&pd=3&ds=2024.09.01&de=2024.09.30&start=21&sort=0
2026-04-20 17:23:00 [DEBUG] [1/3] 403: https://search.naver.com/search.naver?where=news&query=%EC%82%BC%EC%84%B1%EC%A0%84%EC%9E%90&pd=3&ds=2024.09.01&de=2024.09.30&start=161&sort=0
2026-04-20 17:23:06 [INFO] [33/48] 2024.09 완료 | 신규 URL 72건 | 누적 4335건 | 차단/실패 1회
2026-04-20 17:23:11 [DEBUG] [1/3] 403: https://search.naver.com/search.naver?where=news&query=%EC%82%BC%EC%84%B1%EC%A0%84%EC%9E%90&pd=3&ds=2024.10.01&de=2024.10.31&start=21&sort=0
2026-04-20 17:23:59 [INFO] [34/48] 2024.10 완료 | 신규 URL 130건 | 누적 4465건
2026-04-20 17:24:42 [DEBUG] [1/3] 403: https://search.naver.com/search.naver?where=news&query=%EC%82%BC%EC%84%B1%EC%A0%84%EC%9E%90&pd=3&ds=2024.11.01&de=2024.11.30&start=181&sort=0
2026-04-20 17:24:47 [DEBUG] [2/3] 403: https://search.naver.com/search.naver?where=news&query=%EC%82%BC%EC%84%B1%EC%A0%84%EC%9E%90&pd=3&ds=2024.11.01&de=2024.11.30&start=181&sort=0
2026-04-20 17:25:21 [INFO] [35/48] 2024.11 완료 | 신규 URL 129건 | 누적 4594건
2026-04-20 17:25:37 [DEBUG] [1/3] 403: https://search.naver.com/search.naver?where=news&query=%EC%82%BC%EC%84%B1%EC%A0%84%EC%9E%90&pd=3&ds=2024.12.01&de=2024.12.31&start=71&sort=0
2026-04-20 17:25:48 [DEBUG] [1/3] 403: https://search.naver.com/search.naver?where=news&query=%EC%82%BC%EC%84%B1%EC%A0%84%EC%9E%90&pd=3&ds=2024.12.01&de=2024.12.31&start=101&sort=0
2026-04-20 17:25:53 [DEBUG] [2/3] 403: https://search.naver.com/search.naver?where=news&query=%EC%82%BC%EC%84%B1%EC%A0%84%EC%9E%90&pd=3&ds=2024.12.01&de=2024.12.31&start=101&sort=0
2026-04-20 17:26:06 [DEBUG] [1/3] 403: https://search.naver.com/search.naver?where=news&query=%EC%82%BC%EC%84%B1%EC%A0%84%EC%9E%90&pd=3&ds=2024.12.01&de=2024.12.31&start=111&sort=0
2026-04-20 17:26:16 [DEBUG] [1/3] 403: https://search.naver.com/search.naver?where=news&query=%EC%82%BC%EC%84%B1%EC%A0%84%EC%9E%90&pd=3&ds=2024.12.01&de=2024.12.31&start=131&sort=0
2026-04-20 17:26:22 [DEBUG] [2/3] 403: https://search.naver.com/search.naver?where=news&query=%EC%82%BC%EC%84%B1%EC%A0%84%EC%9E%90&pd=3&ds=2024.12.01&de=2024.12.31&start=131&sort=0
2026-04-20 17:26:34 [DEBUG] [1/3] 403: https://search.naver.com/search.naver?where=news&query=%EC%82%BC%EC%84%B1%EC%A0%84%EC%9E%90&pd=3&ds=2024.12.01&de=2024.12.31&start=141&sort=0
2026-04-20 17:26:53 [DEBUG] [1/3] 403: https://search.naver.com/search.naver?where=news&query=%EC%82%BC%EC%84%B1%EC%A0%84%EC%9E%90&pd=3&ds=2024.12.01&de=2024.12.31&start=201&sort=0
2026-04-20 17:27:09 [INFO] [36/48] 2024.12 완료 | 신규 URL 70건 | 누적 4664건
2026-04-20 17:27:17 [DEBUG] [1/3] 403: https://search.naver.com/search.naver?where=news&query=%EC%82%BC%EC%84%B1%EC%A0%84%EC%9E%90&pd=3&ds=2025.01.01&de=2025.01.31&start=31&sort=0
2026-04-20 17:27:22 [DEBUG] [2/3] 403: https://search.naver.com/search.naver?where=news&query=%EC%82%BC%EC%84%B1%EC%A0%84%EC%9E%90&pd=3&ds=2025.01.01&de=2025.01.31&start=31&sort=0
2026-04-20 17:27:34 [DEBUG] [1/3] 403: https://search.naver.com/search.naver?where=news&query=%EC%82%BC%EC%84%B1%EC%A0%84%EC%9E%90&pd=3&ds=2025.01.01&de=2025.01.31&start=41&sort=0
2026-04-20 17:27:39 [DEBUG] [2/3] 403: https://search.naver.com/search.naver?where=news&query=%EC%82%BC%EC%84%B1%EC%A0%84%EC%9E%90&pd=3&ds=2025.01.01&de=2025.01.31&start=41&sort=0
2026-04-20 17:27:49 [DEBUG] [3/3] 403: https://search.naver.com/search.naver?where=news&query=%EC%82%BC%EC%84%B1%EC%A0%84%EC%9E%90&pd=3&ds=2025.01.01&de=2025.01.31&start=41&sort=0
2026-04-20 17:28:07 [DEBUG] [1/3] 403: https://search.naver.com/search.naver?where=news&query=%EC%82%BC%EC%84%B1%EC%A0%84%EC%9E%90&pd=3&ds=2025.01.01&de=2025.01.31&start=51&sort=0
2026-04-20 17:28:12 [DEBUG] [2/3] 403: https://search.naver.com/search.naver?where=news&query=%EC%82%BC%EC%84%B1%EC%A0%84%EC%9E%90&pd=3&ds=2025.01.01&de=2025.01.31&start=51&sort=0
2026-04-20 17:28:22 [DEBUG] [3/3] 403: https://search.naver.com/search.naver?where=news&query=%EC%82%BC%EC%84%B1%EC%A0%84%EC%9E%90&pd=3&ds=2025.01.01&de=2025.01.31&start=51&sort=0
2026-04-20 17:28:47 [DEBUG] [1/3] 403: https://search.naver.com/search.naver?where=news&query=%EC%82%BC%EC%84%B1%EC%A0%84%EC%9E%90&pd=3&ds=2025.01.01&de=2025.01.31&start=91&sort=0
2026-04-20 17:29:05 [DEBUG] [1/3] 403: https://search.naver.com/search.naver?where=news&query=%EC%82%BC%EC%84%B1%EC%A0%84%EC%9E%90&pd=3&ds=2025.01.01&de=2025.01.31&start=151&sort=0
2026-04-20 17:29:20 [DEBUG] [1/3] 403: https://search.naver.com/search.naver?where=news&query=%EC%82%BC%EC%84%B1%EC%A0%84%EC%9E%90&pd=3&ds=2025.01.01&de=2025.01.31&start=191&sort=0
2026-04-20 17:29:27 [DEBUG] [1/3] 403: https://search.naver.com/search.naver?where=news&query=%EC%82%BC%EC%84%B1%EC%A0%84%EC%9E%90&pd=3&ds=2025.01.01&de=2025.01.31&start=201&sort=0
2026-04-20 17:29:32 [DEBUG] [2/3] 403: https://search.naver.com/search.naver?where=news&query=%EC%82%BC%EC%84%B1%EC%A0%84%EC%9E%90&pd=3&ds=2025.01.01&de=2025.01.31&start=201&sort=0
2026-04-20 17:29:42 [DEBUG] [3/3] 403: https://search.naver.com/search.naver?where=news&query=%EC%82%BC%EC%84%B1%EC%A0%84%EC%9E%90&pd=3&ds=2025.01.01&de=2025.01.31&start=201&sort=0
2026-04-20 17:29:59 [DEBUG] [1/3] 403: https://search.naver.com/search.naver?where=news&query=%EC%82%BC%EC%84%B1%EC%A0%84%EC%9E%90&pd=3&ds=2025.01.01&de=2025.01.31&start=211&sort=0
2026-04-20 17:30:04 [DEBUG] [2/3] 403: https://search.naver.com/search.naver?where=news&query=%EC%82%BC%EC%84%B1%EC%A0%84%EC%9E%90&pd=3&ds=2025.01.01&de=2025.01.31&start=211&sort=0
2026-04-20 17:30:14 [DEBUG] [3/3] 403: https://search.naver.com/search.naver?where=news&query=%EC%82%BC%EC%84%B1%EC%A0%84%EC%9E%90&pd=3&ds=2025.01.01&de=2025.01.31&start=211&sort=0
2026-04-20 17:31:13 [INFO] [37/48] 2025.01 완료 | 신규 URL 192건 | 누적 4856건 | 차단/실패 4회
2026-04-20 17:32:44 [INFO] [38/48] 2025.02 완료 | 신규 URL 149건 | 누적 5005건
2026-04-20 17:33:12 [INFO] [39/48] 2025.03 완료 | 신규 URL 58건 | 누적 5063건
2026-04-20 17:34:06 [INFO] [40/48] 2025.04 완료 | 신규 URL 112건 | 누적 5175건
2026-04-20 17:34:48 [INFO] [41/48] 2025.05 완료 | 신규 URL 106건 | 누적 5281건
2026-04-20 17:34:57 [DEBUG] [1/3] 403: https://search.naver.com/search.naver?where=news&query=%EC%82%BC%EC%84%B1%EC%A0%84%EC%9E%90&pd=3&ds=2025.06.01&de=2025.06.30&start=41&sort=0
2026-04-20 17:35:04 [DEBUG] [1/3] 403: https://search.naver.com/search.naver?where=news&query=%EC%82%BC%EC%84%B1%EC%A0%84%EC%9E%90&pd=3&ds=2025.06.01&de=2025.06.30&start=51&sort=0
2026-04-20 17:35:11 [DEBUG] [1/3] 403: https://search.naver.com/search.naver?where=news&query=%EC%82%BC%EC%84%B1%EC%A0%84%EC%9E%90&pd=3&ds=2025.06.01&de=2025.06.30&start=61&sort=0
2026-04-20 17:35:19 [DEBUG] [1/3] 403: https://search.naver.com/search.naver?where=news&query=%EC%82%BC%EC%84%B1%EC%A0%84%EC%9E%90&pd=3&ds=2025.06.01&de=2025.06.30&start=71&sort=0
2026-04-20 17:35:24 [DEBUG] [2/3] 403: https://search.naver.com/search.naver?where=news&query=%EC%82%BC%EC%84%B1%EC%A0%84%EC%9E%90&pd=3&ds=2025.06.01&de=2025.06.30&start=71&sort=0
2026-04-20 17:35:34 [DEBUG] [3/3] 403: https://search.naver.com/search.naver?where=news&query=%EC%82%BC%EC%84%B1%EC%A0%84%EC%9E%90&pd=3&ds=2025.06.01&de=2025.06.30&start=71&sort=0
2026-04-20 17:36:00 [INFO] [42/48] 2025.06 완료 | 신규 URL 65건 | 누적 5346건 | 차단/실패 1회
2026-04-20 17:36:07 [DEBUG] [1/3] 403: https://search.naver.com/search.naver?where=news&query=%EC%82%BC%EC%84%B1%EC%A0%84%EC%9E%90&pd=3&ds=2025.07.01&de=2025.07.31&start=31&sort=0
2026-04-20 17:36:23 [DEBUG] [1/3] 403: https://search.naver.com/search.naver?where=news&query=%EC%82%BC%EC%84%B1%EC%A0%84%EC%9E%90&pd=3&ds=2025.07.01&de=2025.07.31&start=81&sort=0
2026-04-20 17:36:45 [DEBUG] [1/3] 403: https://search.naver.com/search.naver?where=news&query=%EC%82%BC%EC%84%B1%EC%A0%84%EC%9E%90&pd=3&ds=2025.07.01&de=2025.07.31&start=161&sort=0
2026-04-20 17:37:17 [INFO] [43/48] 2025.07 완료 | 신규 URL 161건 | 누적 5507건
2026-04-20 17:37:20 [DEBUG] [1/3] 403: https://search.naver.com/search.naver?where=news&query=%EC%82%BC%EC%84%B1%EC%A0%84%EC%9E%90&pd=3&ds=2025.08.01&de=2025.08.31&start=11&sort=0
2026-04-20 17:38:15 [INFO] [44/48] 2025.08 완료 | 신규 URL 118건 | 누적 5625건
2026-04-20 17:38:43 [INFO] [45/48] 2025.09 완료 | 신규 URL 37건 | 누적 5662건
2026-04-20 17:39:45 [INFO] [46/48] 2025.10 완료 | 신규 URL 163건 | 누적 5825건
2026-04-20 17:41:06 [DEBUG] [1/3] 403: https://search.naver.com/search.naver?where=news&query=%EC%82%BC%EC%84%B1%EC%A0%84%EC%9E%90&pd=3&ds=2025.11.01&de=2025.11.30&start=361&sort=0
2026-04-20 17:41:20 [INFO] [47/48] 2025.11 완료 | 신규 URL 236건 | 누적 6061건
2026-04-20 17:41:35 [DEBUG] [1/3] 403: https://search.naver.com/search.naver?where=news&query=%EC%82%BC%EC%84%B1%EC%A0%84%EC%9E%90&pd=3&ds=2025.12.01&de=2025.12.31&start=71&sort=0
2026-04-20 17:41:43 [DEBUG] [1/3] 403: https://search.naver.com/search.naver?where=news&query=%EC%82%BC%EC%84%B1%EC%A0%84%EC%9E%90&pd=3&ds=2025.12.01&de=2025.12.31&start=81&sort=0
2026-04-20 17:41:53 [DEBUG] [1/3] 403: https://search.naver.com/search.naver?where=news&query=%EC%82%BC%EC%84%B1%EC%A0%84%EC%9E%90&pd=3&ds=2025.12.01&de=2025.12.31&start=101&sort=0
2026-04-20 17:42:02 [DEBUG] [1/3] 403: https://search.naver.com/search.naver?where=news&query=%EC%82%BC%EC%84%B1%EC%A0%84%EC%9E%90&pd=3&ds=2025.12.01&de=2025.12.31&start=121&sort=0
2026-04-20 17:42:07 [DEBUG] [2/3] 403: https://search.naver.com/search.naver?where=news&query=%EC%82%BC%EC%84%B1%EC%A0%84%EC%9E%90&pd=3&ds=2025.12.01&de=2025.12.31&start=121&sort=0
2026-04-20 17:42:17 [DEBUG] [3/3] 403: https://search.naver.com/search.naver?where=news&query=%EC%82%BC%EC%84%B1%EC%A0%84%EC%9E%90&pd=3&ds=2025.12.01&de=2025.12.31&start=121&sort=0
2026-04-20 17:42:34 [DEBUG] [1/3] 403: https://search.naver.com/search.naver?where=news&query=%EC%82%BC%EC%84%B1%EC%A0%84%EC%9E%90&pd=3&ds=2025.12.01&de=2025.12.31&start=131&sort=0
2026-04-20 17:42:52 [DEBUG] [1/3] 403: https://search.naver.com/search.naver?where=news&query=%EC%82%BC%EC%84%B1%EC%A0%84%EC%9E%90&pd=3&ds=2025.12.01&de=2025.12.31&start=191&sort=0
2026-04-20 17:43:02 [INFO] [48/48] 2025.12 완료 | 신규 URL 109건 | 누적 6170건 | 차단/실패 1회
2026-04-20 17:43:02 [INFO] [Phase 1] 완료 | 후보 URL 6170건
2026-04-20 17:43:02 [INFO] [Phase 2] 본문 수집 시작 | 후보 6170건 | 목표 추가 7000건
2026-04-20 17:43:24 [INFO] 본문 저장 100건
2026-04-20 17:43:46 [INFO] 체크포인트 저장: 200건
2026-04-20 17:43:46 [INFO] 본문 저장 200건
2026-04-20 17:44:07 [INFO] 본문 저장 300건
2026-04-20 17:44:29 [INFO] 체크포인트 저장: 400건
2026-04-20 17:44:29 [INFO] 본문 저장 400건
2026-04-20 17:44:51 [INFO] 본문 저장 500건
2026-04-20 17:45:13 [INFO] 체크포인트 저장: 600건
2026-04-20 17:45:13 [INFO] 본문 저장 600건
2026-04-20 17:45:36 [INFO] 본문 저장 700건
2026-04-20 17:45:58 [INFO] 체크포인트 저장: 800건
2026-04-20 17:45:58 [INFO] 본문 저장 800건
2026-04-20 17:46:20 [INFO] 본문 저장 900건
2026-04-20 17:46:43 [INFO] 체크포인트 저장: 1000건
2026-04-20 17:46:43 [INFO] 본문 저장 1000건
2026-04-20 17:47:05 [INFO] 본문 저장 1100건
2026-04-20 17:47:27 [INFO] 체크포인트 저장: 1200건
2026-04-20 17:47:27 [INFO] 본문 저장 1200건
2026-04-20 17:47:49 [INFO] 본문 저장 1300건
2026-04-20 17:48:11 [INFO] 체크포인트 저장: 1400건
2026-04-20 17:48:11 [INFO] 본문 저장 1400건
2026-04-20 17:48:32 [INFO] 본문 저장 1500건
2026-04-20 17:48:53 [INFO] 체크포인트 저장: 1600건
2026-04-20 17:48:53 [INFO] 본문 저장 1600건
2026-04-20 17:49:16 [INFO] 본문 저장 1700건
2026-04-20 17:49:39 [INFO] 체크포인트 저장: 1800건
2026-04-20 17:49:39 [INFO] 본문 저장 1800건
2026-04-20 17:50:00 [INFO] 본문 저장 1900건
2026-04-20 17:50:23 [INFO] 체크포인트 저장: 2000건
2026-04-20 17:50:23 [INFO] 본문 저장 2000건
2026-04-20 17:50:45 [INFO] 본문 저장 2100건
2026-04-20 17:51:07 [INFO] 체크포인트 저장: 2200건
2026-04-20 17:51:07 [INFO] 본문 저장 2200건
2026-04-20 17:51:30 [INFO] 본문 저장 2300건
2026-04-20 17:51:52 [INFO] 체크포인트 저장: 2400건
2026-04-20 17:51:52 [INFO] 본문 저장 2400건
2026-04-20 17:52:14 [INFO] 본문 저장 2500건
2026-04-20 17:52:36 [INFO] 체크포인트 저장: 2600건
2026-04-20 17:52:36 [INFO] 본문 저장 2600건
2026-04-20 17:52:58 [INFO] 본문 저장 2700건
2026-04-20 17:53:21 [INFO] 체크포인트 저장: 2800건
2026-04-20 17:53:21 [INFO] 본문 저장 2800건
2026-04-20 17:53:43 [INFO] 본문 저장 2900건
2026-04-20 17:54:05 [INFO] 체크포인트 저장: 3000건
2026-04-20 17:54:05 [INFO] 본문 저장 3000건
2026-04-20 17:54:28 [INFO] 본문 저장 3100건
2026-04-20 17:54:51 [INFO] 체크포인트 저장: 3200건
2026-04-20 17:54:51 [INFO] 본문 저장 3200건
2026-04-20 17:55:14 [INFO] 본문 저장 3300건
2026-04-20 17:55:38 [INFO] 체크포인트 저장: 3400건
2026-04-20 17:55:38 [INFO] 본문 저장 3400건
2026-04-20 17:56:00 [INFO] 본문 저장 3500건
2026-04-20 17:56:24 [INFO] 체크포인트 저장: 3600건
2026-04-20 17:56:24 [INFO] 본문 저장 3600건
2026-04-20 17:56:47 [INFO] 본문 저장 3700건
2026-04-20 17:57:10 [INFO] 체크포인트 저장: 3800건
2026-04-20 17:57:10 [INFO] 본문 저장 3800건
2026-04-20 17:57:33 [INFO] 본문 저장 3900건
2026-04-20 17:57:55 [INFO] 체크포인트 저장: 4000건
2026-04-20 17:57:55 [INFO] 본문 저장 4000건
2026-04-20 17:58:18 [INFO] 본문 저장 4100건
2026-04-20 17:58:40 [INFO] 체크포인트 저장: 4200건
2026-04-20 17:58:40 [INFO] 본문 저장 4200건
2026-04-20 17:59:02 [INFO] 본문 저장 4300건
2026-04-20 17:59:24 [INFO] 체크포인트 저장: 4400건
2026-04-20 17:59:24 [INFO] 본문 저장 4400건
2026-04-20 17:59:46 [INFO] 본문 저장 4500건
2026-04-20 18:00:08 [INFO] 체크포인트 저장: 4600건
2026-04-20 18:00:08 [INFO] 본문 저장 4600건
2026-04-20 18:00:30 [INFO] 본문 저장 4700건
2026-04-20 18:00:52 [INFO] 체크포인트 저장: 4800건
2026-04-20 18:00:52 [INFO] 본문 저장 4800건
2026-04-20 18:01:13 [INFO] 본문 저장 4900건
2026-04-20 18:01:36 [INFO] 체크포인트 저장: 5000건
2026-04-20 18:01:36 [INFO] 본문 저장 5000건
2026-04-20 18:01:58 [INFO] 본문 저장 5100건
2026-04-20 18:02:20 [INFO] 체크포인트 저장: 5200건
2026-04-20 18:02:20 [INFO] 본문 저장 5200건
2026-04-20 18:02:43 [INFO] 본문 저장 5300건
2026-04-20 18:03:05 [INFO] 체크포인트 저장: 5400건
2026-04-20 18:03:05 [INFO] 본문 저장 5400건
2026-04-20 18:03:27 [INFO] 본문 저장 5500건
2026-04-20 18:03:50 [INFO] 체크포인트 저장: 5600건
2026-04-20 18:03:50 [INFO] 본문 저장 5600건
2026-04-20 18:04:11 [INFO] 본문 저장 5700건
2026-04-20 18:04:34 [INFO] 체크포인트 저장: 5800건
2026-04-20 18:04:34 [INFO] 본문 저장 5800건
2026-04-20 18:04:57 [INFO] 본문 저장 5900건
2026-04-20 18:05:19 [INFO] 체크포인트 저장: 6000건
2026-04-20 18:05:19 [INFO] 본문 저장 6000건
2026-04-20 18:05:37 [INFO] [Phase 2] 완료 | 최종 6083건
2026-04-20 18:05:37 [INFO] 저장 완료: C:\Users\wf\Downloads\졸작\src\crawling\naver_samsung_news_raw.csv
2026-04-20 18:05:37 [INFO] ============================================================
2026-04-20 18:05:37 [INFO] 완료 | 6083건 | 115분 59초
2026-04-20 18:05:37 [INFO] ============================================================
2026-04-20 18:05:37 [INFO] [SAMPLE] 제목: 초등생 내 아이, 삼성전자·아마존·테슬라 주주입니다
2026-04-20 18:05:37 [INFO] [SAMPLE] 언론사: 이데일리
2026-04-20 18:05:37 [INFO] [SAMPLE] 날짜: 2022-01-31 20:02:01
2026-04-20 18:05:37 [INFO] [SAMPLE] 본문 길이: 1510자
